Microchip MPLAB XC8 Compiler V2.41

Linker command line:

-W-3 \
  --edf=C:/Program Files/Microchip/MPLABX/v6.10/packs/Microchip/PIC18F-Q_DFP/1.17.379/xc8\pic\dat\20230323153512_en.msgs \
  -pivt0x8=08h -cn \
  -h+dist/PRO/debug\pic18f16q40-curiosity-lpc-demo-code.X.debug.sym \
  --cmf=dist/PRO/debug\pic18f16q40-curiosity-lpc-demo-code.X.debug.cmf -z \
  -Q18F16Q40 -oC:\Users\c09087\AppData\Local\Temp\xcAs37ck.\driver_tmp_3.o \
  --defsym=__MPLAB_BUILD=1 --fixupoverflow=error \
  -Mdist/PRO/debug/pic18f16q40-curiosity-lpc-demo-code.X.debug.map \
  --md=C:\Users\c09087\AppData\Local\Temp\xcAs37ck.\driver_tmp_0.dat -E1 \
  -ver=XC8 Compiler --acfsm=1493 -ACODE=00h-0FFFFh -ACONST=00h-0FFFFh \
  -ASMALLCONST=01600h-016FFhx234 -AMEDIUMCONST=01600h-0FFFFh \
  -ACOMRAM=0501h-055Fh -AABS1=0500h-014FFh -ABIGRAM=0501h-014FFh \
  -ARAM=0560h-05FFh,0600h-06FFhx15 -ABANK5=0560h-05FFh -ABANK6=0600h-06FFh \
  -ABANK7=0700h-07FFh -ABANK8=0800h-08FFh -ABANK9=0900h-09FFh \
  -ABANK10=0A00h-0AFFh -ABANK11=0B00h-0BFFh -ABANK12=0C00h-0CFFh \
  -ABANK13=0D00h-0DFFh -ABANK14=0E00h-0EFFh -ABANK15=0F00h-0FFFh \
  -ABANK16=01000h-010FFh -ABANK17=01100h-011FFh -ABANK18=01200h-012FFh \
  -ABANK19=01300h-013FFh -ABANK20=01400h-014FFh \
  -ASFR=00h-0FFhx4,0400h-045Fh,0460h-04FFh,01500h-015FFh \
  -ABIGSFR=00h-04FFh,01500h-015FFh -ACONFIG=0300000h-0300011h \
  -AIDLOC=0200000h-020003Fh -AEEDATA=0380000h-03801FFh -peeprom_data=EEDATA \
  -preset_vec=00h -ppowerup=CODE,init -pramtop=01600h \
  -psmallconst=SMALLCONST -pmediumconst=MEDIUMCONST -pconst=CONST \
  -AFARRAM=00h-00h \
  -prdata=COMRAM,nvrram=COMRAM,nvbit=COMRAM,rbss=COMRAM,rbit=COMRAM \
  -pfarbss=FARRAM,fardata=FARRAM,nvFARRAM=FARRAM \
  -pintsave_regs=BIGRAM,bigbss=BIGRAM,bigdata=BIGRAM -pbss=RAM \
  -pidata=CODE,irdata=CODE,ibigdata=CODE,ifardata=CODE -prparam=COMRAM \
  C:\Users\c09087\AppData\Local\Temp\xcAs37ck.\driver_tmp_14.o \
  dist/PRO/debug\pic18f16q40-curiosity-lpc-demo-code.X.debug.o 

Object code version is 3.11

Machine type is 18F16Q40



                Name                               Link     Load   Length Selector   Space Scale
C:\Users\c09087\AppData\Local\Temp\xcAs37ck.\driver_tmp_14.o
                config                           300000   300000        9        0       4
                init                                 1A       1A        4        4       0
                reset_vec                             0        0        4        0       0
dist/PRO/debug\pic18f16q40-curiosity-lpc-demo-code.X.debug.o
                config                           300000   300000        9        0       4
                smallconst                         1600     1600       14      B00       0
                ivt0x8                                8        8       12        4       0
                text71                             24F4     24F4        2      B0A       0
                text70                             24F2     24F2        2      B0A       0
                text69                             1D9C     1D9C       7C      B0A       0
                text68                             24F0     24F0        2      B0A       0
                text67                             24EE     24EE        2      B0A       0
                text66                             2390     2390       1E      B0A       0
                text65                             22E2     22E2       28      B0A       0
                text64                             232E     232E       24      B0A       0
                text63                             1E18     1E18       78      B0A       0
                text62                             1EF8     1EF8       68      B0A       0
                text61                             220C     220C       30      B0A       0
                text60                             2434     2434       12      B0A       0
                text59                             24A4     24A4        8      B0A       0
                text58                             2456     2456       10      B0A       0
                text57                             1C78     1C78       98      B0A       0
                text56                             21DA     21DA       32      B0A       0
                text52                             1614     1614      2B8      B0A       0
                text51                             23AE     23AE       1C      B0A       0
                text50                             1BD2     1BD2       A6      B0A       0
                text49                             2372     2372       1E      B0A       0
                text48                             2466     2466        C      B0A       0
                text47                             24CA     24CA        6      B0A       0
                text46                             24C4     24C4        6      B0A       0
                text45                             2072     2072       4E      B0A       0
                text44                             23E4     23E4       18      B0A       0
                text43                             20C0     20C0       42      B0A       0
                text42                             24BE     24BE        6      B0A       0
                text41                             249A     249A        A      B0A       0
                text40                             19AA     19AA       D4      B0A       0
                text39                             23CA     23CA       1A      B0A       0
                text38                             2490     2490        A      B0A       0
                text37                             21A8     21A8       32      B0A       0
                text36                             24DC     24DC        4      B0A       0
                text35                             24D8     24D8        4      B0A       0
                text34                             24D4     24D4        4      B0A       0
                text33                             2486     2486        A      B0A       0
                text32                             24B8     24B8        6      B0A       0
                text31                             24B2     24B2        6      B0A       0
                text30                             1F60     1F60       62      B0A       0
                text29                             1B2C     1B2C       A6      B0A       0
                text28                             213C     213C       3A      B0A       0
                text27                             23FC     23FC       14      B0A       0
                text26                             24EC     24EC        2      B0A       0
                text25                             24EA     24EA        2      B0A       0
                text24                             24E8     24E8        2      B0A       0
                text23                             22BA     22BA       28      B0A       0
                text22                             24AC     24AC        6      B0A       0
                text21                             24D0     24D0        4      B0A       0
                text20                             1E90     1E90       68      B0A       0
                text19                             24E6     24E6        2      B0A       0
                text18                             24E4     24E4        2      B0A       0
                text17                             24E2     24E2        2      B0A       0
                text16                             1FC2     1FC2       5A      B0A       0
                text15                             247C     247C        A      B0A       0
                text14                             2352     2352       20      B0A       0
                text13                             230A     230A       24      B0A       0
                text12                             2472     2472        A      B0A       0
                text11                             2102     2102       3A      B0A       0
                text10                             2422     2422       12      B0A       0
                text9                              2410     2410       12      B0A       0
                text8                              24E0     24E0        2      B0A       0
                text7                              201C     201C       56      B0A       0
                text6                              2292     2292       28      B0A       0
                text5                              2176     2176       32      B0A       0
                text4                              1A7E     1A7E       AE      B0A       0
                text3                              18CC     18CC       DE      B0A       0
                text2                              2268     2268       2A      B0A       0
                text1                              2446     2446       10      B0A       0
                text0                              1D10     1D10       8C      B0A       0
                cstackCOMRAM                        501      501       46      501       1
                cstackBANK5                         58E      58E        5      560       1
                bssBANK5                            560      560       28      560       1
                bssCOMRAM                           547      547       15      501       1
                cinit                              223C     223C       2C      B0A       0
                nvBANK5                             588      588        6      560       1

TOTAL           Name                               Link     Load   Length     Space
        CLASS   CODE           
                init                                 1A       1A        4         0
                reset_vec                             0        0        4         0
                ivt0x8                                8        8       12         0
                text71                             24F4     24F4        2         0
                text70                             24F2     24F2        2         0
                text69                             1D9C     1D9C       7C         0
                text68                             24F0     24F0        2         0
                text67                             24EE     24EE        2         0
                text66                             2390     2390       1E         0
                text65                             22E2     22E2       28         0
                text64                             232E     232E       24         0
                text63                             1E18     1E18       78         0
                text62                             1EF8     1EF8       68         0
                text61                             220C     220C       30         0
                text60                             2434     2434       12         0
                text59                             24A4     24A4        8         0
                text58                             2456     2456       10         0
                text57                             1C78     1C78       98         0
                text56                             21DA     21DA       32         0
                text52                             1614     1614      2B8         0
                text51                             23AE     23AE       1C         0
                text50                             1BD2     1BD2       A6         0
                text49                             2372     2372       1E         0
                text48                             2466     2466        C         0
                text47                             24CA     24CA        6         0
                text46                             24C4     24C4        6         0
                text45                             2072     2072       4E         0
                text44                             23E4     23E4       18         0
                text43                             20C0     20C0       42         0
                text42                             24BE     24BE        6         0
                text41                             249A     249A        A         0
                text40                             19AA     19AA       D4         0
                text39                             23CA     23CA       1A         0
                text38                             2490     2490        A         0
                text37                             21A8     21A8       32         0
                text36                             24DC     24DC        4         0
                text35                             24D8     24D8        4         0
                text34                             24D4     24D4        4         0
                text33                             2486     2486        A         0
                text32                             24B8     24B8        6         0
                text31                             24B2     24B2        6         0
                text30                             1F60     1F60       62         0
                text29                             1B2C     1B2C       A6         0
                text28                             213C     213C       3A         0
                text27                             23FC     23FC       14         0
                text26                             24EC     24EC        2         0
                text25                             24EA     24EA        2         0
                text24                             24E8     24E8        2         0
                text23                             22BA     22BA       28         0
                text22                             24AC     24AC        6         0
                text21                             24D0     24D0        4         0
                text20                             1E90     1E90       68         0
                text19                             24E6     24E6        2         0
                text18                             24E4     24E4        2         0
                text17                             24E2     24E2        2         0
                text16                             1FC2     1FC2       5A         0
                text15                             247C     247C        A         0
                text14                             2352     2352       20         0
                text13                             230A     230A       24         0
                text12                             2472     2472        A         0
                text11                             2102     2102       3A         0
                text10                             2422     2422       12         0
                text9                              2410     2410       12         0
                text8                              24E0     24E0        2         0
                text7                              201C     201C       56         0
                text6                              2292     2292       28         0
                text5                              2176     2176       32         0
                text4                              1A7E     1A7E       AE         0
                text3                              18CC     18CC       DE         0
                text2                              2268     2268       2A         0
                text1                              2446     2446       10         0
                text0                              1D10     1D10       8C         0
                cinit                              223C     223C       2C         0

        CLASS   CONST          

        CLASS   SMALLCONST     
                smallconst                         1600     1600       14         0

        CLASS   MEDIUMCONST    

        CLASS   COMRAM         
                cstackCOMRAM                        501      501       46         1
                bssCOMRAM                           547      547       15         1

        CLASS   ABS1           

        CLASS   BIGRAM         

        CLASS   RAM            

        CLASS   BANK5          
                cstackBANK5                         58E      58E        5         1
                bssBANK5                            560      560       28         1
                nvBANK5                             588      588        6         1

        CLASS   BANK6          

        CLASS   BANK7          

        CLASS   BANK8          

        CLASS   BANK9          

        CLASS   BANK10         

        CLASS   BANK11         

        CLASS   BANK12         

        CLASS   BANK13         

        CLASS   BANK14         

        CLASS   BANK15         

        CLASS   BANK16         

        CLASS   BANK17         

        CLASS   BANK18         

        CLASS   BANK19         

        CLASS   BANK20         

        CLASS   SFR            

        CLASS   BIGSFR         

        CLASS   CONFIG         
                config                           300000   300000        9         4

        CLASS   IDLOC          

        CLASS   EEDATA         

        CLASS   FARRAM         

        CLASS   HEAP           

        CLASS   STACK          



SEGMENTS        Name                           Load    Length   Top    Selector   Space  Class

                reset_vec                      000000  000004  000004         0       0  CODE    
                ivt0x8                         000008  000016  00001E         4       0  CODE    
                cstackCOMRAM                   000501  00005B  00055C       501       1  COMRAM  
                bssBANK5                       000560  000033  000593       560       1  BANK5   
                smallconst                     001600  000014  001614       B00       0  SMALLCON
                text52                         001614  000EE2  0024F6       B0A       0  CODE    


UNUSED ADDRESS RANGES

        Name                Unused          Largest block    Delta
        BANK10           000A00-000AFF              100
        BANK11           000B00-000BFF              100
        BANK12           000C00-000CFF              100
        BANK13           000D00-000DFF              100
        BANK14           000E00-000EFF              100
        BANK15           000F00-000FFF              100
        BANK16           001000-0010FF              100
        BANK17           001100-0011FF              100
        BANK18           001200-0012FF              100
        BANK19           001300-0013FF              100
        BANK20           001400-0014FF              100
        BANK5            000593-0005FF               6D
        BANK6            000600-0006FF              100
        BANK7            000700-0007FF              100
        BANK8            000800-0008FF              100
        BANK9            000900-0009FF              100
        BIGRAM           00055C-00055F                4
                         000593-0014FF              F6D
        BIGSFR           000000-0004FF              500
                         001500-0015FF              100
        CODE             000004-000007                4
                         00001E-0015FF             15E2
                         0024F6-00FFFF             DB0A
        COMRAM           00055C-00055F                4
        CONFIG           300009-300011                9
        CONST            000004-000007                4
                         00001E-0015FF             15E2
                         0024F6-00FFFF             DB0A
        EEDATA           380000-3801FF              200
        IDLOC            200000-20003F               40
        MEDIUMCONST      0024F6-00FFFF             DB0A
        RAM              000593-0014FF              100
        SFR              000000-0004FF              100
                         001500-0015FF              100
        SMALLCONST       0024F6-00FFFF              100

                                  Symbol Table

?_ADCC_GetSingleConversion                                    cstackCOMRAM 000504
?___awdiv                                                     cstackCOMRAM 000504
?___awmod                                                     cstackCOMRAM 000504
?_abs                                                         cstackCOMRAM 00050A
?_printf                                                      cstackCOMRAM 000541
?_vfprintf                                                    cstackCOMRAM 00053B
ADCC_GetSingleConversion@channel                              cstackCOMRAM 000508
EEPROM_Read@address                                           cstackCOMRAM 000504
EEPROM_Write@address                                          cstackCOMRAM 000504
EEPROM_Write@data                                             cstackCOMRAM 000507
EEPROM_Write@globalInterruptBitValue                          cstackCOMRAM 000508
INT0_SetInterruptHandler@InterruptHandler                     cstackCOMRAM 000504
INT1_SetInterruptHandler@InterruptHandler                     cstackCOMRAM 000504
INT2_SetInterruptHandler@InterruptHandler                     cstackCOMRAM 000504
IVTBASEH                                                      (abs)        00045E
IVTBASEL                                                      (abs)        00045D
IVTBASEU                                                      (abs)        00045F
NVM_UnlockKeySet@unlockKey                                    cstackCOMRAM 000504
PWM1_16BIT_Period_SetInterruptHandler@InterruptHandler        cstackCOMRAM 000504
PWM1_16BIT_SetSlice1Output1DutyCycleRegister@registerValue    cstackCOMRAM 000504
PWM1_16BIT_Slice1Output1_SetInterruptHandler@InterruptHandler cstackCOMRAM 000504
PWM1_16BIT_Slice1Output2_SetInterruptHandler@InterruptHandler cstackCOMRAM 000504
TMR2_OverflowCallbackRegister@InterruptHandler                cstackCOMRAM 000504
Timer0_OverflowCallbackRegister@CallbackHandler               cstackCOMRAM 000504
Timer1_OverflowCallbackRegister@CallbackHandler               cstackCOMRAM 000504
Timer1_Write@timerVal                                         cstackCOMRAM 000504
UART1_FramingErrorCallbackRegister@callbackHandler            cstackCOMRAM 000504
UART1_OverrunErrorCallbackRegister@callbackHandler            cstackCOMRAM 000504
UART1_ParityErrorCallbackRegister@callbackHandler             cstackCOMRAM 000504
UART1_Write@txData                                            cstackCOMRAM 000504
_ACTCON                                                       (abs)        0000AC
_ADACCH                                                       (abs)        0003E4
_ADACCL                                                       (abs)        0003E3
_ADACCU                                                       (abs)        0003E5
_ADACQH                                                       (abs)        0003EF
_ADACQL                                                       (abs)        0003EE
_ADACT                                                        (abs)        0003F9
_ADC                                                          text50       001BD2
_ADCAP                                                        (abs)        0003F0
_ADCC_GetSingleConversion                                     text64       00232E
_ADCC_Initialize                                              text28       00213C
_ADCLK                                                        (abs)        0003FA
_ADCNT                                                        (abs)        0003E6
_ADCON0                                                       (abs)        0003F3
_ADCON0bits                                                   (abs)        0003F3
_ADCON1                                                       (abs)        0003F4
_ADCON2                                                       (abs)        0003F5
_ADCON3                                                       (abs)        0003F6
_ADERRH                                                       (abs)        0003DE
_ADERRL                                                       (abs)        0003DD
_ADFLTRH                                                      (abs)        0003E2
_ADFLTRL                                                      (abs)        0003E1
_ADLTHH                                                       (abs)        0003DA
_ADLTHL                                                       (abs)        0003D9
_ADPCH                                                        (abs)        0003EC
_ADPREH                                                       (abs)        0003F2
_ADPREL                                                       (abs)        0003F1
_ADPREVH                                                      (abs)        0003E9
_ADPREVL                                                      (abs)        0003E8
_ADREF                                                        (abs)        0003F8
_ADRES                                                        (abs)        0003EA
_ADRESH                                                       (abs)        0003EB
_ADRESL                                                       (abs)        0003EA
_ADRPT                                                        (abs)        0003E7
_ADSTAT                                                       (abs)        0003F7
_ADSTPTH                                                      (abs)        0003E0
_ADSTPTL                                                      (abs)        0003DF
_ADUTHH                                                       (abs)        0003DC
_ADUTHL                                                       (abs)        0003DB
_ANSELA                                                       (abs)        000400
_ANSELB                                                       (abs)        000408
_ANSELC                                                       (abs)        000410
_Blink                                                        text45       002072
_CLOCK_Initialize                                             text27       0023FC
_EEPROM                                                       text40       0019AA
_EEPROM_Read                                                  text44       0023E4
_EEPROM_Write                                                 text43       0020C0
_HelloWorld                                                   text39       0023CA
_INLVLA                                                       (abs)        000404
_INLVLB                                                       (abs)        00040C
_INLVLC                                                       (abs)        000414
_INT0_DefaultInterruptHandler                                 (abs)        000000
_INT0_SetInterruptHandler                                     text26       0024EC
_INT1_DefaultInterruptHandler                                 (abs)        000000
_INT1_SetInterruptHandler                                     text25       0024EA
_INT2_DefaultInterruptHandler                                 (abs)        000000
_INT2_SetInterruptHandler                                     text24       0024E8
_INTCON0bits                                                  (abs)        0004D6
_INTERRUPT_Initialize                                         text23       0022BA
_INTERRUPT_InterruptManager                                   text65       0022E2
_IOCAF                                                        (abs)        000407
_IOCAN                                                        (abs)        000406
_IOCAP                                                        (abs)        000405
_IOCBF                                                        (abs)        00040F
_IOCBN                                                        (abs)        00040E
_IOCBP                                                        (abs)        00040D
_IOCCF                                                        (abs)        000417
_IOCCN                                                        (abs)        000416
_IOCCP                                                        (abs)        000415
_Interrupt                                                    text37       0021A8
_LAB_ISR                                                      text69       001D9C
_LATA                                                         (abs)        0004BE
_LATAbits                                                     (abs)        0004BE
_LATB                                                         (abs)        0004BF
_LATC                                                         (abs)        0004C0
_LATCbits                                                     (abs)        0004C0
_NVMADRH                                                      (abs)        000044
_NVMADRL                                                      (abs)        000043
_NVMADRU                                                      (abs)        000045
_NVMCON0bits                                                  (abs)        000040
_NVMCON1bits                                                  (abs)        000041
_NVMDATH                                                      (abs)        000047
_NVMDATL                                                      (abs)        000046
_NVMLOCK                                                      (abs)        000042
_NVM_Initialize                                               text21       0024D0
_NVM_StatusClear                                              text22       0024AC
_NVM_UnlockKeyClear                                           text42       0024BE
_NVM_UnlockKeySet                                             text41       00249A
_ODCONA                                                       (abs)        000402
_ODCONB                                                       (abs)        00040A
_ODCONC                                                       (abs)        000412
_OSCCON1                                                      (abs)        0000AD
_OSCCON3                                                      (abs)        0000AF
_OSCEN                                                        (abs)        0000B3
_OSCFRQ                                                       (abs)        0000B1
_OSCTUNE                                                      (abs)        0000B0
_PIE0bits                                                     (abs)        0004A8
_PIE3bits                                                     (abs)        0004AB
_PIE4bits                                                     (abs)        0004AC
_PIN_MANAGER_IOC                                              text71       0024F4
_PIN_MANAGER_Initialize                                       text20       001E90
_PIR0bits                                                     (abs)        0004B3
_PIR10bits                                                    (abs)        0004BD
_PIR1bits                                                     (abs)        0004B4
_PIR2bits                                                     (abs)        0004B5
_PIR3bits                                                     (abs)        0004B6
_PIR4bits                                                     (abs)        0004B7
_PIR6bits                                                     (abs)        0004B9
_PORTCbits                                                    (abs)        0004D0
_PR2                                                          (abs)        00031D
_PWM                                                          text30       001F60
_PWM1CLK                                                      (abs)        000461
_PWM1CON                                                      (abs)        000469
_PWM1CONbits                                                  (abs)        000469
_PWM1CPRE                                                     (abs)        000465
_PWM1ERS                                                      (abs)        000460
_PWM1GIE                                                      (abs)        000468
_PWM1GIR                                                      (abs)        000467
_PWM1GIRbits                                                  (abs)        000467
_PWM1LDS                                                      (abs)        000462
_PWM1PIPOS                                                    (abs)        000466
_PWM1PRH                                                      (abs)        000464
_PWM1PRL                                                      (abs)        000463
_PWM1S1CFG                                                    (abs)        00046A
_PWM1S1P1H                                                    (abs)        00046C
_PWM1S1P1L                                                    (abs)        00046B
_PWM1S1P2H                                                    (abs)        00046E
_PWM1S1P2L                                                    (abs)        00046D
_PWM1_16BIT_Disable                                           text36       0024DC
_PWM1_16BIT_Enable                                            text35       0024D8
_PWM1_16BIT_Initialize                                        text16       001FC2
_PWM1_16BIT_LoadBufferRegisters                               text34       0024D4
_PWM1_16BIT_Period_DefaultInterruptHandler                    (abs)        000000
_PWM1_16BIT_Period_SetInterruptHandler                        text19       0024E6
_PWM1_16BIT_SetSlice1Output1DutyCycleRegister                 text33       002486
_PWM1_16BIT_Slice1Output1_DefaultInterruptHandler             (abs)        000000
_PWM1_16BIT_Slice1Output1_SetInterruptHandler                 text18       0024E4
_PWM1_16BIT_Slice1Output2_DefaultInterruptHandler             (abs)        000000
_PWM1_16BIT_Slice1Output2_SetInterruptHandler                 text17       0024E2
_RB4I2C                                                       (abs)        000287
_RB6I2C                                                       (abs)        000286
_RC5PPS                                                       (abs)        000216
_RC6PPS                                                       (abs)        000217
_Rotate                                                       text29       001B2C
_SLRCONA                                                      (abs)        000403
_SLRCONB                                                      (abs)        00040B
_SLRCONC                                                      (abs)        000413
_SYSTEM_Initialize                                            text6        002292
_SleepWakeUp                                                  text5        002176
_T0CON0                                                       (abs)        00031A
_T0CON0bits                                                   (abs)        00031A
_T0CON1                                                       (abs)        00031B
_T1CLK                                                        (abs)        000317
_T1CON                                                        (abs)        000314
_T1CONbits                                                    (abs)        000314
_T1GATE                                                       (abs)        000316
_T1GCON                                                       (abs)        000315
_T2CLKCON                                                     (abs)        000320
_T2CON                                                        (abs)        00031E
_T2CONbits                                                    (abs)        00031E
_T2HLT                                                        (abs)        00031F
_T2PR                                                         (abs)        00031D
_T2RST                                                        (abs)        000321
_T2TMR                                                        (abs)        00031C
_TABLAT                                                       (abs)        0004F5
_TBLPTRH                                                      (abs)        0004F7
_TBLPTRL                                                      (abs)        0004F6
_TBLPTRU                                                      (abs)        0004F8
_TMR0H                                                        (abs)        000319
_TMR0IE                                                       (abs)        00255F
_TMR0L                                                        (abs)        000318
_TMR1H                                                        (abs)        000313
_TMR1L                                                        (abs)        000312
_TMR2_DefaultOverflowCallback                                 text68       0024F0
_TMR2_Initialize                                              text14       002352
_TMR2_OverflowCallback                                        nvBANK5      00058A
_TMR2_OverflowCallbackRegister                                text15       00247C
_TMR2_PeriodCountSet                                          (abs)        000000
_TMR2_Start                                                   text32       0024B8
_TMR2_Stop                                                    text31       0024B2
_TMR2_Tasks                                                   (abs)        000000
_TRISA                                                        (abs)        0004C6
_TRISB                                                        (abs)        0004C7
_TRISC                                                        (abs)        0004C8
_Timer0_DefaultOverflowCallback                               text67       0024EE
_Timer0_Initialize                                            text13       00230A
_Timer0_OverflowCallback                                      nvBANK5      000588
_Timer0_OverflowCallbackRegister                              text38       002490
_Timer0_OverflowISR                                           text66       002390
_Timer0_Reload                                                (abs)        000000
_Timer0_Start                                                 (abs)        000000
_Timer0_Stop                                                  (abs)        000000
_Timer1_DefaultOverflowCallback                               text70       0024F2
_Timer1_Initialize                                            text11       002102
_Timer1_Lab                                                   text4        001A7E
_Timer1_OverflowCallback                                      nvBANK5      00058C
_Timer1_OverflowCallbackRegister                              text12       002472
_Timer1_Reload                                                text48       002466
_Timer1_Start                                                 text47       0024CA
_Timer1_Stop                                                  text46       0024C4
_Timer1_Tasks                                                 (abs)        000000
_Timer1_Write                                                 text49       002372
_U1BRGH                                                       (abs)        0002AF
_U1BRGL                                                       (abs)        0002AE
_U1CON0                                                       (abs)        0002AB
_U1CON0bits                                                   (abs)        0002AB
_U1CON1                                                       (abs)        0002AC
_U1CON2                                                       (abs)        0002AD
_U1ERRIE                                                      (abs)        0002B3
_U1ERRIR                                                      (abs)        0002B2
_U1ERRIRbits                                                  (abs)        0002B2
_U1FIFO                                                       (abs)        0002B0
_U1FIFObits                                                   (abs)        0002B0
_U1P1H                                                        (abs)        0002A6
_U1P1L                                                        (abs)        0002A5
_U1P2H                                                        (abs)        0002A8
_U1P2L                                                        (abs)        0002A7
_U1P3H                                                        (abs)        0002AA
_U1P3L                                                        (abs)        0002A9
_U1RXB                                                        (abs)        0002A1
_U1RXCHK                                                      (abs)        0002A2
_U1RXPPS                                                      (abs)        000272
_U1TXB                                                        (abs)        0002A3
_U1TXCHK                                                      (abs)        0002A4
_U1UIR                                                        (abs)        0002B1
_U1UIRbits                                                    (abs)        0002B1
_UART1_AutoBaudQuery                                          (abs)        000000
_UART1_AutoBaudSet                                            (abs)        000000
_UART1_DefaultFramingErrorCallback                            (abs)        000000
_UART1_DefaultOverrunErrorCallback                            (abs)        000000
_UART1_DefaultParityErrorCallback                             (abs)        000000
_UART1_Deinitialize                                           (abs)        000000
_UART1_ErrorGet                                               (abs)        000000
_UART1_FramingErrorCallbackRegister                           text10       002422
_UART1_FramingErrorHandler                                    bssCOMRAM    000547
_UART1_Initialize                                             text7        00201C
_UART1_IsRxReady                                              (abs)        000000
_UART1_IsTxDone                                               (abs)        000000
_UART1_IsTxReady                                              text60       002434
_UART1_IsTxReady$2941                                         cstackCOMRAM 000504
_UART1_OverrunErrorCallbackRegister                           text9        002410
_UART1_OverrunErrorHandler                                    bssBANK5     000564
_UART1_ParityErrorCallbackRegister                            text8        0024E0
_UART1_Read                                                   (abs)        000000
_UART1_TransmitDisable                                        (abs)        000000
_UART1_TransmitEnable                                         (abs)        000000
_UART1_Write                                                  text59       0024A4
_VSR                                                          text3        0018CC
_WDTCON0bits                                                  (abs)        000078
_WPUA                                                         (abs)        000401
_WPUB                                                         (abs)        000409
_WPUC                                                         (abs)        000411
__HRAM                                                        (abs)        000000
__H__absolute__                                               __absolute__ 000000
__Habs1                                                       abs1         000000
__Hbank10                                                     bank10       000000
__Hbank11                                                     bank11       000000
__Hbank12                                                     bank12       000000
__Hbank13                                                     bank13       000000
__Hbank14                                                     bank14       000000
__Hbank15                                                     bank15       000000
__Hbank16                                                     bank16       000000
__Hbank17                                                     bank17       000000
__Hbank18                                                     bank18       000000
__Hbank19                                                     bank19       000000
__Hbank20                                                     bank20       000000
__Hbank5                                                      bank5        000000
__Hbank6                                                      bank6        000000
__Hbank7                                                      bank7        000000
__Hbank8                                                      bank8        000000
__Hbank9                                                      bank9        000000
__Hbigbss                                                     bigbss       000000
__Hbigdata                                                    bigdata      000000
__Hbigram                                                     bigram       000000
__Hbigsfr                                                     bigsfr       000000
__Hbss                                                        bss          000000
__HbssBANK5                                                   bssBANK5     000000
__HbssCOMRAM                                                  bssCOMRAM    000000
__Hcinit                                                      cinit        000000
__Hclrtext                                                    clrtext      000000
__Hcomram                                                     comram       000000
__Hconfig                                                     config       300009
__Hconst                                                      const        000000
__HcstackBANK5                                                cstackBANK5  000000
__HcstackCOMRAM                                               cstackCOMRAM 000000
__Hdata                                                       data         000000
__Heeprom_data                                                eeprom_data  000000
__Hfarbss                                                     farbss       000000
__Hfardata                                                    fardata      000000
__Hheap                                                       heap         000000
__Hibigdata                                                   ibigdata     000000
__Hidata                                                      idata        000000
__Hidloc                                                      idloc        000000
__Hifardata                                                   ifardata     000000
__Hinit                                                       init         00001E
__Hintsave_regs                                               intsave_regs 000000
__Hirdata                                                     irdata       000000
__Hivt0x8                                                     ivt0x8       00001A
__Hmediumconst                                                mediumconst  000000
__HnvBANK5                                                    nvBANK5      000000
__HnvFARRAM                                                   nvFARRAM     000000
__Hnvbit                                                      nvbit        000000
__Hnvrram                                                     nvrram       000000
__Hparam                                                      rparam       000000
__Hpowerup                                                    powerup      000000
__Hram                                                        ram          000000
__Hramtop                                                     ramtop       001600
__Hrbit                                                       rbit         000000
__Hrbss                                                       rbss         000000
__Hrdata                                                      rdata        000000
__Hreset_vec                                                  reset_vec    000004
__Hrparam                                                     rparam       000000
__Hsfr                                                        sfr          000000
__Hsmallconst                                                 smallconst   001614
__Hspace_0                                                    (abs)        0024F6
__Hspace_1                                                    (abs)        000593
__Hspace_2                                                    (abs)        000000
__Hspace_4                                                    (abs)        600009
__Hstack                                                      stack        000000
__Hstruct                                                     struct       000000
__Htemp                                                       temp         000000
__Htext                                                       text         000000
__Htext0                                                      text0        000000
__Htext1                                                      text1        000000
__Htext10                                                     text10       000000
__Htext11                                                     text11       000000
__Htext12                                                     text12       000000
__Htext13                                                     text13       000000
__Htext14                                                     text14       000000
__Htext15                                                     text15       000000
__Htext16                                                     text16       000000
__Htext17                                                     text17       000000
__Htext18                                                     text18       000000
__Htext19                                                     text19       000000
__Htext2                                                      text2        000000
__Htext20                                                     text20       000000
__Htext21                                                     text21       000000
__Htext22                                                     text22       000000
__Htext23                                                     text23       000000
__Htext24                                                     text24       000000
__Htext25                                                     text25       000000
__Htext26                                                     text26       000000
__Htext27                                                     text27       000000
__Htext28                                                     text28       000000
__Htext29                                                     text29       000000
__Htext3                                                      text3        000000
__Htext30                                                     text30       000000
__Htext31                                                     text31       000000
__Htext32                                                     text32       000000
__Htext33                                                     text33       000000
__Htext34                                                     text34       000000
__Htext35                                                     text35       000000
__Htext36                                                     text36       000000
__Htext37                                                     text37       000000
__Htext38                                                     text38       000000
__Htext39                                                     text39       000000
__Htext4                                                      text4        000000
__Htext40                                                     text40       000000
__Htext41                                                     text41       000000
__Htext42                                                     text42       000000
__Htext43                                                     text43       000000
__Htext44                                                     text44       000000
__Htext45                                                     text45       000000
__Htext46                                                     text46       000000
__Htext47                                                     text47       000000
__Htext48                                                     text48       000000
__Htext49                                                     text49       000000
__Htext5                                                      text5        000000
__Htext50                                                     text50       000000
__Htext51                                                     text51       000000
__Htext52                                                     text52       000000
__Htext53                                                     text53       000000
__Htext54                                                     text54       000000
__Htext55                                                     text55       000000
__Htext56                                                     text56       000000
__Htext57                                                     text57       000000
__Htext58                                                     text58       000000
__Htext59                                                     text59       000000
__Htext6                                                      text6        000000
__Htext60                                                     text60       000000
__Htext61                                                     text61       000000
__Htext62                                                     text62       000000
__Htext63                                                     text63       000000
__Htext64                                                     text64       000000
__Htext65                                                     text65       000000
__Htext66                                                     text66       000000
__Htext67                                                     text67       000000
__Htext68                                                     text68       000000
__Htext69                                                     text69       000000
__Htext7                                                      text7        000000
__Htext70                                                     text70       000000
__Htext71                                                     text71       000000
__Htext72                                                     text72       000000
__Htext8                                                      text8        000000
__Htext9                                                      text9        000000
__LRAM                                                        (abs)        000001
__L__absolute__                                               __absolute__ 000000
__Labs1                                                       abs1         000000
__Lbank10                                                     bank10       000000
__Lbank11                                                     bank11       000000
__Lbank12                                                     bank12       000000
__Lbank13                                                     bank13       000000
__Lbank14                                                     bank14       000000
__Lbank15                                                     bank15       000000
__Lbank16                                                     bank16       000000
__Lbank17                                                     bank17       000000
__Lbank18                                                     bank18       000000
__Lbank19                                                     bank19       000000
__Lbank20                                                     bank20       000000
__Lbank5                                                      bank5        000000
__Lbank6                                                      bank6        000000
__Lbank7                                                      bank7        000000
__Lbank8                                                      bank8        000000
__Lbank9                                                      bank9        000000
__Lbigbss                                                     bigbss       000000
__Lbigdata                                                    bigdata      000000
__Lbigram                                                     bigram       000000
__Lbigsfr                                                     bigsfr       000000
__Lbss                                                        bss          000000
__LbssBANK5                                                   bssBANK5     000000
__LbssCOMRAM                                                  bssCOMRAM    000000
__Lcinit                                                      cinit        000000
__Lclrtext                                                    clrtext      000000
__Lcomram                                                     comram       000000
__Lconfig                                                     config       000000
__Lconst                                                      const        000000
__LcstackBANK5                                                cstackBANK5  000000
__LcstackCOMRAM                                               cstackCOMRAM 000000
__Ldata                                                       data         000000
__Leeprom_data                                                eeprom_data  000000
__Lfarbss                                                     farbss       000000
__Lfardata                                                    fardata      000000
__Lheap                                                       heap         000000
__Libigdata                                                   ibigdata     000000
__Lidata                                                      idata        000000
__Lidloc                                                      idloc        000000
__Lifardata                                                   ifardata     000000
__Linit                                                       init         00001A
__Lintsave_regs                                               intsave_regs 000000
__Lirdata                                                     irdata       000000
__Livt0x8                                                     ivt0x8       000008
__Lmediumconst                                                mediumconst  000000
__LnvBANK5                                                    nvBANK5      000000
__LnvFARRAM                                                   nvFARRAM     000000
__Lnvbit                                                      nvbit        000000
__Lnvrram                                                     nvrram       000000
__Lparam                                                      rparam       000000
__Lpowerup                                                    powerup      000000
__Lram                                                        ram          000000
__Lramtop                                                     ramtop       001600
__Lrbit                                                       rbit         000000
__Lrbss                                                       rbss         000000
__Lrdata                                                      rdata        000000
__Lreset_vec                                                  reset_vec    000000
__Lrparam                                                     rparam       000000
__Lsfr                                                        sfr          000000
__Lsmallconst                                                 smallconst   001600
__Lspace_0                                                    (abs)        000000
__Lspace_1                                                    (abs)        000000
__Lspace_2                                                    (abs)        000000
__Lspace_4                                                    (abs)        000000
__Lstack                                                      stack        000000
__Lstruct                                                     struct       000000
__Ltemp                                                       temp         000000
__Ltext                                                       text         000000
__Ltext0                                                      text0        000000
__Ltext1                                                      text1        000000
__Ltext10                                                     text10       000000
__Ltext11                                                     text11       000000
__Ltext12                                                     text12       000000
__Ltext13                                                     text13       000000
__Ltext14                                                     text14       000000
__Ltext15                                                     text15       000000
__Ltext16                                                     text16       000000
__Ltext17                                                     text17       000000
__Ltext18                                                     text18       000000
__Ltext19                                                     text19       000000
__Ltext2                                                      text2        000000
__Ltext20                                                     text20       000000
__Ltext21                                                     text21       000000
__Ltext22                                                     text22       000000
__Ltext23                                                     text23       000000
__Ltext24                                                     text24       000000
__Ltext25                                                     text25       000000
__Ltext26                                                     text26       000000
__Ltext27                                                     text27       000000
__Ltext28                                                     text28       000000
__Ltext29                                                     text29       000000
__Ltext3                                                      text3        000000
__Ltext30                                                     text30       000000
__Ltext31                                                     text31       000000
__Ltext32                                                     text32       000000
__Ltext33                                                     text33       000000
__Ltext34                                                     text34       000000
__Ltext35                                                     text35       000000
__Ltext36                                                     text36       000000
__Ltext37                                                     text37       000000
__Ltext38                                                     text38       000000
__Ltext39                                                     text39       000000
__Ltext4                                                      text4        000000
__Ltext40                                                     text40       000000
__Ltext41                                                     text41       000000
__Ltext42                                                     text42       000000
__Ltext43                                                     text43       000000
__Ltext44                                                     text44       000000
__Ltext45                                                     text45       000000
__Ltext46                                                     text46       000000
__Ltext47                                                     text47       000000
__Ltext48                                                     text48       000000
__Ltext49                                                     text49       000000
__Ltext5                                                      text5        000000
__Ltext50                                                     text50       000000
__Ltext51                                                     text51       000000
__Ltext52                                                     text52       000000
__Ltext53                                                     text53       000000
__Ltext54                                                     text54       000000
__Ltext55                                                     text55       000000
__Ltext56                                                     text56       000000
__Ltext57                                                     text57       000000
__Ltext58                                                     text58       000000
__Ltext59                                                     text59       000000
__Ltext6                                                      text6        000000
__Ltext60                                                     text60       000000
__Ltext61                                                     text61       000000
__Ltext62                                                     text62       000000
__Ltext63                                                     text63       000000
__Ltext64                                                     text64       000000
__Ltext65                                                     text65       000000
__Ltext66                                                     text66       000000
__Ltext67                                                     text67       000000
__Ltext68                                                     text68       000000
__Ltext69                                                     text69       000000
__Ltext7                                                      text7        000000
__Ltext70                                                     text70       000000
__Ltext71                                                     text71       000000
__Ltext72                                                     text72       000000
__Ltext8                                                      text8        000000
__Ltext9                                                      text9        000000
__S0                                                          (abs)        0024F6
__S1                                                          (abs)        000593
__S4                                                          (abs)        000000
__S5                                                          (abs)        000000
___awdiv                                                      text63       001E18
___awdiv@counter                                              cstackCOMRAM 000508
___awdiv@dividend                                             cstackCOMRAM 000504
___awdiv@divisor                                              cstackCOMRAM 000506
___awdiv@quotient                                             cstackCOMRAM 00050A
___awdiv@sign                                                 cstackCOMRAM 000509
___awmod                                                      text62       001EF8
___awmod@counter                                              cstackCOMRAM 000508
___awmod@dividend                                             cstackCOMRAM 000504
___awmod@divisor                                              cstackCOMRAM 000506
___awmod@sign                                                 cstackCOMRAM 000509
___heap_hi                                                    (abs)        000000
___heap_lo                                                    (abs)        000000
___inthi_sp                                                   stack        000000
___intlo_sp                                                   stack        000000
___param_bank                                                 (abs)        000000
___rparam_used                                                (abs)        000001
___sp                                                         stack        000000
__accesstop                                                   (abs)        000560
__activetblptr                                                (abs)        000003
__end_of_ADC                                                  text50       001C78
__end_of_ADCC_GetSingleConversion                             text64       002352
__end_of_ADCC_Initialize                                      text28       002176
__end_of_Blink                                                text45       0020C0
__end_of_CLOCK_Initialize                                     text27       002410
__end_of_EEPROM                                               text40       001A7E
__end_of_EEPROM_Read                                          text44       0023FC
__end_of_EEPROM_Write                                         text43       002102
__end_of_HelloWorld                                           text39       0023E4
__end_of_INT0_SetInterruptHandler                             text26       0024EE
__end_of_INT1_SetInterruptHandler                             text25       0024EC
__end_of_INT2_SetInterruptHandler                             text24       0024EA
__end_of_INTERRUPT_Initialize                                 text23       0022E2
__end_of_INTERRUPT_InterruptManager                           text65       00230A
__end_of_Interrupt                                            text37       0021DA
__end_of_LAB_ISR                                              text69       001E18
__end_of_NVM_Initialize                                       text21       0024D4
__end_of_NVM_StatusClear                                      text22       0024B2
__end_of_NVM_UnlockKeyClear                                   text42       0024C4
__end_of_NVM_UnlockKeySet                                     text41       0024A4
__end_of_PIN_MANAGER_IOC                                      text71       0024F6
__end_of_PIN_MANAGER_Initialize                               text20       001EF8
__end_of_PWM                                                  text30       001FC2
__end_of_PWM1_16BIT_Disable                                   text36       0024E0
__end_of_PWM1_16BIT_Enable                                    text35       0024DC
__end_of_PWM1_16BIT_Initialize                                text16       00201C
__end_of_PWM1_16BIT_LoadBufferRegisters                       text34       0024D8
__end_of_PWM1_16BIT_Period_SetInterruptHandler                text19       0024E8
__end_of_PWM1_16BIT_SetSlice1Output1DutyCycleRegister         text33       002490
__end_of_PWM1_16BIT_Slice1Output1_SetInterruptHandler         text18       0024E6
__end_of_PWM1_16BIT_Slice1Output2_SetInterruptHandler         text17       0024E4
__end_of_Rotate                                               text29       001BD2
__end_of_SYSTEM_Initialize                                    text6        0022BA
__end_of_SleepWakeUp                                          text5        0021A8
__end_of_TMR2_DefaultOverflowCallback                         text68       0024F2
__end_of_TMR2_Initialize                                      text14       002372
__end_of_TMR2_OverflowCallbackRegister                        text15       002486
__end_of_TMR2_Start                                           text32       0024BE
__end_of_TMR2_Stop                                            text31       0024B8
__end_of_Timer0_DefaultOverflowCallback                       text67       0024F0
__end_of_Timer0_Initialize                                    text13       00232E
__end_of_Timer0_OverflowCallbackRegister                      text38       00249A
__end_of_Timer0_OverflowISR                                   text66       0023AE
__end_of_Timer1_DefaultOverflowCallback                       text70       0024F4
__end_of_Timer1_Initialize                                    text11       00213C
__end_of_Timer1_Lab                                           text4        001B2C
__end_of_Timer1_OverflowCallbackRegister                      text12       00247C
__end_of_Timer1_Reload                                        text48       002472
__end_of_Timer1_Start                                         text47       0024D0
__end_of_Timer1_Stop                                          text46       0024CA
__end_of_Timer1_Write                                         text49       002390
__end_of_UART1_FramingErrorCallbackRegister                   text10       002434
__end_of_UART1_Initialize                                     text7        002072
__end_of_UART1_IsTxReady                                      text60       002446
__end_of_UART1_OverrunErrorCallbackRegister                   text9        002422
__end_of_UART1_ParityErrorCallbackRegister                    text8        0024E2
__end_of_UART1_Write                                          text59       0024AC
__end_of_VSR                                                  text3        0019AA
__end_of___awdiv                                              text63       001E90
__end_of___awmod                                              text62       001F60
__end_of__initialization                                      cinit        002262
__end_of_abs                                                  text61       00223C
__end_of_checkButtonS1                                        text2        002292
__end_of_dtoa                                                 text54       000000
__end_of_fputc                                                text57       001D10
__end_of_fputs                                                text56       00220C
__end_of_main                                                 text0        001D9C
__end_of_nextLab                                              text1        002456
__end_of_pad                                                  text55       000000
__end_of_printf                                               text51       0023CA
__end_of_putch                                                text58       002466
__end_of_vfpfcnvrt                                            text53       000000
__end_of_vfprintf                                             text52       0018CC
__initialization                                              cinit        00223C
__mediumconst                                                 mediumconst  000000
__pbssBANK5                                                   bssBANK5     000560
__pbssCOMRAM                                                  bssCOMRAM    000547
__pcinit                                                      cinit        00223C
__pcstackBANK5                                                cstackBANK5  00058E
__pcstackCOMRAM                                               cstackCOMRAM 000501
__pivt0x8                                                     ivt0x8       000008
__pnvBANK5                                                    nvBANK5      000588
__psmallconst                                                 smallconst   001600
__ptext0                                                      text0        001D10
__ptext1                                                      text1        002446
__ptext10                                                     text10       002422
__ptext11                                                     text11       002102
__ptext12                                                     text12       002472
__ptext13                                                     text13       00230A
__ptext14                                                     text14       002352
__ptext15                                                     text15       00247C
__ptext16                                                     text16       001FC2
__ptext17                                                     text17       0024E2
__ptext18                                                     text18       0024E4
__ptext19                                                     text19       0024E6
__ptext2                                                      text2        002268
__ptext20                                                     text20       001E90
__ptext21                                                     text21       0024D0
__ptext22                                                     text22       0024AC
__ptext23                                                     text23       0022BA
__ptext24                                                     text24       0024E8
__ptext25                                                     text25       0024EA
__ptext26                                                     text26       0024EC
__ptext27                                                     text27       0023FC
__ptext28                                                     text28       00213C
__ptext29                                                     text29       001B2C
__ptext3                                                      text3        0018CC
__ptext30                                                     text30       001F60
__ptext31                                                     text31       0024B2
__ptext32                                                     text32       0024B8
__ptext33                                                     text33       002486
__ptext34                                                     text34       0024D4
__ptext35                                                     text35       0024D8
__ptext36                                                     text36       0024DC
__ptext37                                                     text37       0021A8
__ptext38                                                     text38       002490
__ptext39                                                     text39       0023CA
__ptext4                                                      text4        001A7E
__ptext40                                                     text40       0019AA
__ptext41                                                     text41       00249A
__ptext42                                                     text42       0024BE
__ptext43                                                     text43       0020C0
__ptext44                                                     text44       0023E4
__ptext45                                                     text45       002072
__ptext46                                                     text46       0024C4
__ptext47                                                     text47       0024CA
__ptext48                                                     text48       002466
__ptext49                                                     text49       002372
__ptext5                                                      text5        002176
__ptext50                                                     text50       001BD2
__ptext51                                                     text51       0023AE
__ptext52                                                     text52       001614
__ptext53                                                     text53       000000
__ptext54                                                     text54       000000
__ptext55                                                     text55       000000
__ptext56                                                     text56       0021DA
__ptext57                                                     text57       001C78
__ptext58                                                     text58       002456
__ptext59                                                     text59       0024A4
__ptext6                                                      text6        002292
__ptext60                                                     text60       002434
__ptext61                                                     text61       00220C
__ptext62                                                     text62       001EF8
__ptext63                                                     text63       001E18
__ptext64                                                     text64       00232E
__ptext65                                                     text65       0022E2
__ptext66                                                     text66       002390
__ptext67                                                     text67       0024EE
__ptext68                                                     text68       0024F0
__ptext69                                                     text69       001D9C
__ptext7                                                      text7        00201C
__ptext70                                                     text70       0024F2
__ptext71                                                     text71       0024F4
__ptext72                                                     text72       000000
__ptext8                                                      text8        0024E0
__ptext9                                                      text9        002410
__ramtop                                                      ramtop       001600
__smallconst                                                  smallconst   001600
_abs                                                          text61       00220C
_adcResult                                                    bssCOMRAM    000555
_adcResult@EEPROM$F644                                        bssCOMRAM    000550
_adcResult@PWM$F336                                           bssCOMRAM    00054B
_btnState                                                     bssCOMRAM    000558
_checkButtonS1                                                text2        002268
_dbuf                                                         bssBANK5     000568
_delay                                                        bssCOMRAM    000554
_dtoa                                                         text54       000000
_dtoa$3558                                                    cstackCOMRAM 000525
_flagCounter                                                  bssCOMRAM    000557
_fputc                                                        text57       001C78
_fputs                                                        text56       0021DA
_inlined$_dtoa                                                (abs)        000001
_inlined$_pad                                                 (abs)        000001
_inlined$_vfpfcnvrt                                           (abs)        000001
_labNumber                                                    bssCOMRAM    00055B
_labState                                                     bssCOMRAM    000559
_ledDisplay                                                   bssCOMRAM    00054F
_main                                                         text0        001D10
_nextLab                                                      text1        002446
_pad                                                          text55       000000
_prec                                                         bssBANK5     000562
_printf                                                       text51       0023AE
_putch                                                        text58       002456
_rotateReg                                                    bssCOMRAM    000556
_rotateReg@Interrupt$F496                                     bssCOMRAM    000551
_rotateReg@Timer1$F381                                        bssCOMRAM    000552
_rotateReg@VSR$F279                                           bssCOMRAM    000553
_switchEvent                                                  bssCOMRAM    00055A
_timer1ReloadVal                                              bssCOMRAM    000549
_uart1RxLastError                                             bssBANK5     000566
_unlockKeyHigh                                                bssCOMRAM    00054D
_unlockKeyLow                                                 bssCOMRAM    00054E
_vfpfcnvrt                                                    text53       000000
_vfprintf                                                     text52       001614
_width                                                        bssBANK5     000560
abs@a                                                         cstackCOMRAM 00050A
dtoa@d                                                        cstackCOMRAM 000523
dtoa@fp                                                       cstackCOMRAM 000521
dtoa@i                                                        cstackCOMRAM 00052B
dtoa@p                                                        cstackCOMRAM 000527
dtoa@s                                                        cstackCOMRAM 00052D
dtoa@w                                                        cstackCOMRAM 000529
end_of_initialization                                         cinit        002262
fputc@c                                                       cstackCOMRAM 000506
fputc@fp                                                      cstackCOMRAM 000508
fputs@c                                                       cstackCOMRAM 000513
fputs@fp                                                      cstackCOMRAM 000511
fputs@i                                                       cstackCOMRAM 000514
fputs@s                                                       cstackCOMRAM 00050F
intlevel0                                                     text         000000
intlevel1                                                     text         000000
intlevel2                                                     text         000000
intlevel3                                                     text         000000
isa$std                                                       (abs)        000001
isa$xinst                                                     (abs)        000000
ivt0x8_base                                                   ivt0x8       000008
pad@buf                                                       cstackCOMRAM 000518
pad@fp                                                        cstackCOMRAM 000516
pad@i                                                         cstackCOMRAM 00051D
pad@p                                                         cstackCOMRAM 00051A
pad@w                                                         cstackCOMRAM 00051F
printf@ap                                                     cstackCOMRAM 000544
printf@fmt                                                    cstackCOMRAM 000541
putch@txData                                                  cstackCOMRAM 000505
stackhi                                                       (abs)        000000
stacklo                                                       (abs)        000000
start                                                         init         00001A
start_initialization                                          cinit        00223C
vfpfcnvrt@ap                                                  cstackCOMRAM 000532
vfpfcnvrt@convarg                                             cstackCOMRAM 000536
vfpfcnvrt@cp                                                  cstackCOMRAM 00053A
vfpfcnvrt@fmt                                                 cstackCOMRAM 000530
vfpfcnvrt@fp                                                  cstackCOMRAM 00052E
vfprintf@ap                                                   cstackCOMRAM 00053E
vfprintf@cfmt                                                 cstackCOMRAM 000540
vfprintf@fmt                                                  cstackCOMRAM 00053D
vfprintf@fp                                                   cstackCOMRAM 00053B


MODULE INFORMATION

Module		Function		Class		Link	Load	Size
C:\Program Files\Microchip\xc8\v2.41\pic\sources\c99\common\awmod.c
		___awmod       		CODE           	1EF8	0000	104

C:\Program Files\Microchip\xc8\v2.41\pic\sources\c99\common\awmod.c estimated size: 104

Labs/Lab06_PulseWidthModulation/PWM.c
		_PWM           		CODE           	1F60	0000	98

Labs/Lab06_PulseWidthModulation/PWM.c estimated size: 98

Labs/Lab10_EEPROM/EEPROM.c
		_EEPROM        		CODE           	19AA	0000	212

Labs/Lab10_EEPROM/EEPROM.c estimated size: 212

Labs/Lab05_VariableSpeedRotate/VSR.c
		_VSR           		CODE           	18CC	0000	222

Labs/Lab05_VariableSpeedRotate/VSR.c estimated size: 222

Labs/Lab08_Interrupts/Interrupt.c
		_Interrupt     		CODE           	21A8	0000	50
		_LAB_ISR       		CODE           	1D9C	0000	124

Labs/Lab08_Interrupts/Interrupt.c estimated size: 174

Labs/Lab02_Blink/Blink.c
		_Blink         		CODE           	2072	0000	78

Labs/Lab02_Blink/Blink.c estimated size: 78

Labs/Lab09_SleepWakeup/SleepWakeUp.c
		_SleepWakeUp   		CODE           	2176	0000	50

Labs/Lab09_SleepWakeup/SleepWakeUp.c estimated size: 50

C:\Program Files\Microchip\xc8\v2.41\pic\sources\c99\common\nf_fputc.c
		_fputc         		CODE           	1C78	0000	152

C:\Program Files\Microchip\xc8\v2.41\pic\sources\c99\common\nf_fputc.c estimated size: 152

mcc_generated_files/timer/src/tmr1.c
		_Timer1_DefaultOverflowCallback		CODE           	24F2	0000	2
		_Timer1_Stop   		CODE           	24C4	0000	6
		_Timer1_Write  		CODE           	2372	0000	30
		_Timer1_Start  		CODE           	24CA	0000	6
		_Timer1_Reload 		CODE           	2466	0000	12
		_Timer1_Initialize		CODE           	2102	0000	58
		_Timer1_OverflowCallbackRegister		CODE           	2472	0000	10

mcc_generated_files/timer/src/tmr1.c estimated size: 124

mcc_generated_files/system/src/interrupt.c
		_INT0_SetInterruptHandler		CODE           	24EC	0000	2
		_INT1_SetInterruptHandler		CODE           	24EA	0000	2
		_INT2_SetInterruptHandler		CODE           	24E8	0000	2
		_INTERRUPT_Initialize		CODE           	22BA	0000	40
		_INTERRUPT_InterruptManager		CODE           	22E2	0000	40

mcc_generated_files/system/src/interrupt.c estimated size: 86

C:\Program Files\Microchip\xc8\v2.41\pic\sources\c99\common\awdiv.c
		___awdiv       		CODE           	1E18	0000	120

C:\Program Files\Microchip\xc8\v2.41\pic\sources\c99\common\awdiv.c estimated size: 120

mcc_generated_files/pwm/src/pwm1_16bit.c
		_PWM1_16BIT_Disable		CODE           	24DC	0000	4
		_PWM1_16BIT_Period_SetInterruptHandler		CODE           	24E6	0000	2
		_PWM1_16BIT_Slice1Output1_SetInterruptHandler		CODE           	24E4	0000	2
		_PWM1_16BIT_Slice1Output2_SetInterruptHandler		CODE           	24E2	0000	2
		_PWM1_16BIT_Initialize		CODE           	1FC2	0000	90
		_PWM1_16BIT_LoadBufferRegisters		CODE           	24D4	0000	4
		_PWM1_16BIT_SetSlice1Output1DutyCycleRegister		CODE           	2486	0000	10
		_PWM1_16BIT_Enable		CODE           	24D8	0000	4

mcc_generated_files/pwm/src/pwm1_16bit.c estimated size: 118

mcc_generated_files/adc/src/adcc.c
		_ADCC_GetSingleConversion		CODE           	232E	0000	36
		_ADCC_Initialize		CODE           	213C	0000	58

mcc_generated_files/adc/src/adcc.c estimated size: 94

Labs/Lab01_HelloWorld/HelloWorld.c
		_HelloWorld    		CODE           	23CA	0000	26

Labs/Lab01_HelloWorld/HelloWorld.c estimated size: 26

C:\Program Files\Microchip\xc8\v2.41\pic\sources\c99\common\abs.c
		_abs           		CODE           	220C	0000	48

C:\Program Files\Microchip\xc8\v2.41\pic\sources\c99\common\abs.c estimated size: 48

C:\Program Files\Microchip\xc8\v2.41\pic\sources\c99\common\doprnt.c
		_vfpfcnvrt     		CODE           	0000	0000	1
		_pad           		CODE           	0000	0000	1
		_dtoa          		CODE           	0000	0000	1
		_vfprintf      		CODE           	1614	0000	696

C:\Program Files\Microchip\xc8\v2.41\pic\sources\c99\common\doprnt.c estimated size: 699

mcc_generated_files/uart/src/uart1.c
		_UART1_IsTxReady		CODE           	2434	0000	18
		_UART1_Write   		CODE           	24A4	0000	8
		_putch         		CODE           	2456	0000	16
		_UART1_FramingErrorCallbackRegister		CODE           	2422	0000	18
		_UART1_OverrunErrorCallbackRegister		CODE           	2410	0000	18
		_UART1_Initialize		CODE           	201C	0000	86
		_UART1_ParityErrorCallbackRegister		CODE           	24E0	0000	2

mcc_generated_files/uart/src/uart1.c estimated size: 166

mcc_generated_files/nvm/src/nvm.c
		_NVM_UnlockKeySet		CODE           	249A	0000	10
		_NVM_Initialize		CODE           	24D0	0000	4
		_EEPROM_Read   		CODE           	23E4	0000	24
		_EEPROM_Write  		CODE           	20C0	0000	66
		_NVM_UnlockKeyClear		CODE           	24BE	0000	6
		_NVM_StatusClear		CODE           	24AC	0000	6

mcc_generated_files/nvm/src/nvm.c estimated size: 116

Labs/Lab03_Rotate/Rotate.c
		_Rotate        		CODE           	1B2C	0000	166

Labs/Lab03_Rotate/Rotate.c estimated size: 166

mcc_generated_files/system/src/pins.c
		_PIN_MANAGER_Initialize		CODE           	1E90	0000	104
		_PIN_MANAGER_IOC		CODE           	24F4	0000	2

mcc_generated_files/system/src/pins.c estimated size: 106

shared
		__initialization		CODE           	223C	0000	38

shared estimated size: 38

Labs/Lab07_Timers/Timer1.c
		_Timer1_Lab    		CODE           	1A7E	0000	174

Labs/Lab07_Timers/Timer1.c estimated size: 174

Labs/Lab04_AnalogToDigitalConversion/ADC.c
		_ADC           		CODE           	1BD2	0000	166

Labs/Lab04_AnalogToDigitalConversion/ADC.c estimated size: 166

mcc_generated_files/timer/src/tmr2.c
		_TMR2_Initialize		CODE           	2352	0000	32
		_TMR2_Stop     		CODE           	24B2	0000	6
		_TMR2_Start    		CODE           	24B8	0000	6
		_TMR2_OverflowCallbackRegister		CODE           	247C	0000	10
		_TMR2_DefaultOverflowCallback		CODE           	24F0	0000	2

mcc_generated_files/timer/src/tmr2.c estimated size: 56

C:\Program Files\Microchip\xc8\v2.41\pic\sources\c99\common\nf_fputs.c
		_fputs         		CODE           	21DA	0000	50

C:\Program Files\Microchip\xc8\v2.41\pic\sources\c99\common\nf_fputs.c estimated size: 50

mcc_generated_files/system/src/clock.c
		_CLOCK_Initialize		CODE           	23FC	0000	20

mcc_generated_files/system/src/clock.c estimated size: 20

mcc_generated_files/timer/src/tmr0.c
		_Timer0_Initialize		CODE           	230A	0000	36
		_Timer0_OverflowCallbackRegister		CODE           	2490	0000	10
		_Timer0_OverflowISR		CODE           	2390	0000	30
		_Timer0_DefaultOverflowCallback		CODE           	24EE	0000	2

mcc_generated_files/timer/src/tmr0.c estimated size: 78

main.c
		_main          		CODE           	1D10	0000	140
		_nextLab       		CODE           	2446	0000	16
		_checkButtonS1 		CODE           	2268	0000	42

main.c estimated size: 198

C:\Program Files\Microchip\xc8\v2.41\pic\sources\c99\common\printf.c
		_printf        		CODE           	23AE	0000	28

C:\Program Files\Microchip\xc8\v2.41\pic\sources\c99\common\printf.c estimated size: 28

mcc_generated_files/system/src/system.c
		_SYSTEM_Initialize		CODE           	2292	0000	40

mcc_generated_files/system/src/system.c estimated size: 40

