Microchip MPLAB XC8 Compiler V2.41

Linker command line:

-W-3 \
  --edf=C:/Program Files/Microchip/MPLABX/v6.10/packs/Microchip/PIC18F-Q_DFP/1.17.379/xc8\pic\dat\20230323153512_en.msgs \
  -pivt0x8=08h -cn \
  -h+dist/default/debug\pic18f16q40-curiosity-lpc-demo-code.X.debug.sym \
  --cmf=dist/default/debug\pic18f16q40-curiosity-lpc-demo-code.X.debug.cmf \
  -z -Q18F16Q40 \
  -oC:\Users\c09087\AppData\Local\Temp\xcAst1c.\driver_tmp_3.o \
  --defsym=__MPLAB_BUILD=1 --fixupoverflow=error \
  -Mdist/default/debug/pic18f16q40-curiosity-lpc-demo-code.X.debug.map \
  --md=C:\Users\c09087\AppData\Local\Temp\xcAst1c.\driver_tmp_0.dat -E1 \
  -ver=XC8 Compiler --acfsm=1493 -ACODE=00h-0FFFFh -ACONST=00h-0FFFFh \
  -ASMALLCONST=01600h-016FFhx234 -AMEDIUMCONST=01600h-0FFFFh \
  -ACOMRAM=0501h-055Fh -AABS1=0500h-014FFh -ABIGRAM=0501h-014FFh \
  -ARAM=0560h-05FFh,0600h-06FFhx15 -ABANK5=0560h-05FFh -ABANK6=0600h-06FFh \
  -ABANK7=0700h-07FFh -ABANK8=0800h-08FFh -ABANK9=0900h-09FFh \
  -ABANK10=0A00h-0AFFh -ABANK11=0B00h-0BFFh -ABANK12=0C00h-0CFFh \
  -ABANK13=0D00h-0DFFh -ABANK14=0E00h-0EFFh -ABANK15=0F00h-0FFFh \
  -ABANK16=01000h-010FFh -ABANK17=01100h-011FFh -ABANK18=01200h-012FFh \
  -ABANK19=01300h-013FFh -ABANK20=01400h-014FFh \
  -ASFR=00h-0FFhx4,0400h-045Fh,0460h-04FFh,01500h-015FFh \
  -ABIGSFR=00h-04FFh,01500h-015FFh -ACONFIG=0300000h-0300011h \
  -AIDLOC=0200000h-020003Fh -AEEDATA=0380000h-03801FFh -peeprom_data=EEDATA \
  -preset_vec=00h -ppowerup=CODE,init -pramtop=01600h \
  -psmallconst=SMALLCONST -pmediumconst=MEDIUMCONST -pconst=CONST \
  -AFARRAM=00h-00h \
  -prdata=COMRAM,nvrram=COMRAM,nvbit=COMRAM,rbss=COMRAM,rbit=COMRAM \
  -pfarbss=FARRAM,fardata=FARRAM,nvFARRAM=FARRAM \
  -pintsave_regs=BIGRAM,bigbss=BIGRAM,bigdata=BIGRAM -pbss=RAM \
  -pidata=CODE,irdata=CODE,ibigdata=CODE,ifardata=CODE -prparam=COMRAM \
  C:\Users\c09087\AppData\Local\Temp\xcAst1c.\driver_tmp_9.o \
  dist/default/debug\pic18f16q40-curiosity-lpc-demo-code.X.debug.o 

Object code version is 3.11

Machine type is 18F16Q40



                Name                               Link     Load   Length Selector   Space Scale
C:\Users\c09087\AppData\Local\Temp\xcAst1c.\driver_tmp_9.o
                config                           300000   300000        9        0       4
                init                                 1A       1A        4        4       0
                reset_vec                             0        0        4        0       0
dist/default/debug\pic18f16q40-curiosity-lpc-demo-code.X.debug.o
                config                           300000   300000        9        0       4
                smallconst                         1600     1600       14      B00       0
                ivt0x8                                8        8       12        4       0
                text13                             18BC     18BC        2      B0A       0
                text12                             1812     1812       22      B0A       0
                text11                             179C     179C       42      B0A       0
                text10                             169A     169A       60      B0A       0
                text9                              1870     1870       1C      B0A       0
                text8                              18B2     18B2        A      B0A       0
                text7                              18A8     18A8        A      B0A       0
                text6                              189E     189E        A      B0A       0
                text5                              17DE     17DE       34      B0A       0
                text4                              1614     1614       86      B0A       0
                text3                              188C     188C       12      B0A       0
                text2                              174E     174E       4E      B0A       0
                text1                              1854     1854       1C      B0A       0
                text0                              16FA     16FA       54      B0A       0
                cstackCOMRAM                        516      516        4      501       1
                bssCOMRAM                           501      501        F      501       1
                cinit                              1834     1834       20      B0A       0
                nvCOMRAM                            510      510        6      501       1

TOTAL           Name                               Link     Load   Length     Space
        CLASS   CODE           
                init                                 1A       1A        4         0
                reset_vec                             0        0        4         0
                ivt0x8                                8        8       12         0
                text13                             18BC     18BC        2         0
                text12                             1812     1812       22         0
                text11                             179C     179C       42         0
                text10                             169A     169A       60         0
                text9                              1870     1870       1C         0
                text8                              18B2     18B2        A         0
                text7                              18A8     18A8        A         0
                text6                              189E     189E        A         0
                text5                              17DE     17DE       34         0
                text4                              1614     1614       86         0
                text3                              188C     188C       12         0
                text2                              174E     174E       4E         0
                text1                              1854     1854       1C         0
                text0                              16FA     16FA       54         0
                cinit                              1834     1834       20         0

        CLASS   CONST          

        CLASS   SMALLCONST     
                smallconst                         1600     1600       14         0

        CLASS   MEDIUMCONST    

        CLASS   COMRAM         
                cstackCOMRAM                        516      516        4         1
                bssCOMRAM                           501      501        F         1
                nvCOMRAM                            510      510        6         1

        CLASS   ABS1           

        CLASS   BIGRAM         

        CLASS   RAM            

        CLASS   BANK5          

        CLASS   BANK6          

        CLASS   BANK7          

        CLASS   BANK8          

        CLASS   BANK9          

        CLASS   BANK10         

        CLASS   BANK11         

        CLASS   BANK12         

        CLASS   BANK13         

        CLASS   BANK14         

        CLASS   BANK15         

        CLASS   BANK16         

        CLASS   BANK17         

        CLASS   BANK18         

        CLASS   BANK19         

        CLASS   BANK20         

        CLASS   SFR            

        CLASS   BIGSFR         

        CLASS   CONFIG         
                config                           300000   300000        9         4

        CLASS   IDLOC          

        CLASS   EEDATA         

        CLASS   FARRAM         

        CLASS   HEAP           

        CLASS   STACK          



SEGMENTS        Name                           Load    Length   Top    Selector   Space  Class

                reset_vec                      000000  000004  000004         0       0  CODE    
                ivt0x8                         000008  000016  00001E         4       0  CODE    
                bssCOMRAM                      000501  000019  00051A       501       1  COMRAM  
                smallconst                     001600  000014  001614       B00       0  SMALLCON
                text4                          001614  0002AA  0018BE       B0A       0  CODE    


UNUSED ADDRESS RANGES

        Name                Unused          Largest block    Delta
        BANK10           000A00-000AFF              100
        BANK11           000B00-000BFF              100
        BANK12           000C00-000CFF              100
        BANK13           000D00-000DFF              100
        BANK14           000E00-000EFF              100
        BANK15           000F00-000FFF              100
        BANK16           001000-0010FF              100
        BANK17           001100-0011FF              100
        BANK18           001200-0012FF              100
        BANK19           001300-0013FF              100
        BANK20           001400-0014FF              100
        BANK5            000560-0005FF               A0
        BANK6            000600-0006FF              100
        BANK7            000700-0007FF              100
        BANK8            000800-0008FF              100
        BANK9            000900-0009FF              100
        BIGRAM           00051A-0014FF              FE6
        BIGSFR           000000-0004FF              500
                         001500-0015FF              100
        CODE             000004-000007                4
                         00001E-0015FF             15E2
                         0018BE-00FFFF             E742
        COMRAM           00051A-00055F               46
        CONFIG           300009-300011                9
        CONST            000004-000007                4
                         00001E-0015FF             15E2
                         0018BE-00FFFF             E742
        EEDATA           380000-3801FF              200
        IDLOC            200000-20003F               40
        MEDIUMCONST      0018BE-00FFFF             E742
        RAM              000560-0014FF              100
        SFR              000000-0004FF              100
                         001500-0015FF              100
        SMALLCONST       0018BE-00FFFF              100

                                  Symbol Table

INT0_SetInterruptHandler@InterruptHandler cstackCOMRAM 000516
INT1_SetInterruptHandler@InterruptHandler cstackCOMRAM 000516
INT2_SetInterruptHandler@InterruptHandler cstackCOMRAM 000516
IVTBASEH                                  (abs)        00045E
IVTBASEL                                  (abs)        00045D
IVTBASEU                                  (abs)        00045F
_ACTCON                                   (abs)        0000AC
_ADACCH                                   (abs)        0003E4
_ADACCL                                   (abs)        0003E3
_ADACCU                                   (abs)        0003E5
_ADACQH                                   (abs)        0003EF
_ADACQL                                   (abs)        0003EE
_ADACT                                    (abs)        0003F9
_ADCAP                                    (abs)        0003F0
_ADCC_Initialize                          text10       00169A
_ADCLK                                    (abs)        0003FA
_ADCNT                                    (abs)        0003E6
_ADCON0                                   (abs)        0003F3
_ADCON0bits                               (abs)        0003F3
_ADCON1                                   (abs)        0003F4
_ADCON1bits                               (abs)        0003F4
_ADCON2                                   (abs)        0003F5
_ADCON2bits                               (abs)        0003F5
_ADCON3                                   (abs)        0003F6
_ADCON3bits                               (abs)        0003F6
_ADERRH                                   (abs)        0003DE
_ADERRL                                   (abs)        0003DD
_ADFLTRH                                  (abs)        0003E2
_ADFLTRL                                  (abs)        0003E1
_ADLTHH                                   (abs)        0003DA
_ADLTHL                                   (abs)        0003D9
_ADPCH                                    (abs)        0003EC
_ADPREH                                   (abs)        0003F2
_ADPREL                                   (abs)        0003F1
_ADPREVH                                  (abs)        0003E9
_ADPREVL                                  (abs)        0003E8
_ADREF                                    (abs)        0003F8
_ADRES                                    (abs)        0003EA
_ADRESH                                   (abs)        0003EB
_ADRESL                                   (abs)        0003EA
_ADRPT                                    (abs)        0003E7
_ADSTAT                                   (abs)        0003F7
_ADSTATbits                               (abs)        0003F7
_ADSTPTH                                  (abs)        0003E0
_ADSTPTL                                  (abs)        0003DF
_ADUTHH                                   (abs)        0003DC
_ADUTHL                                   (abs)        0003DB
_ANSELA                                   (abs)        000400
_ANSELB                                   (abs)        000408
_ANSELC                                   (abs)        000410
_CLOCK_Initialize                         text9        001870
_HelloWorld                               text11       00179C
_INLVLA                                   (abs)        000404
_INLVLB                                   (abs)        00040C
_INLVLC                                   (abs)        000414
_INT0_DefaultInterruptHandler             (abs)        000000
_INT0_InterruptHandler                    nvCOMRAM     000514
_INT0_SetInterruptHandler                 text8        0018B2
_INT1_DefaultInterruptHandler             (abs)        000000
_INT1_InterruptHandler                    nvCOMRAM     000512
_INT1_SetInterruptHandler                 text7        0018A8
_INT2_DefaultInterruptHandler             (abs)        000000
_INT2_InterruptHandler                    nvCOMRAM     000510
_INT2_SetInterruptHandler                 text6        00189E
_INTCON0bits                              (abs)        0004D6
_INTERRUPT_Initialize                     text5        0017DE
_INTERRUPT_InterruptManager               text12       001812
_IOCAF                                    (abs)        000407
_IOCAN                                    (abs)        000406
_IOCAP                                    (abs)        000405
_IOCBF                                    (abs)        00040F
_IOCBN                                    (abs)        00040E
_IOCBP                                    (abs)        00040D
_IOCCF                                    (abs)        000417
_IOCCN                                    (abs)        000416
_IOCCP                                    (abs)        000415
_LAB_ISR                                  (abs)        000000
_LATA                                     (abs)        0004BE
_LATAbits                                 (abs)        0004BE
_LATB                                     (abs)        0004BF
_LATC                                     (abs)        0004C0
_LATCbits                                 (abs)        0004C0
_ODCONA                                   (abs)        000402
_ODCONB                                   (abs)        00040A
_ODCONC                                   (abs)        000412
_OSCCON1                                  (abs)        0000AD
_OSCCON3                                  (abs)        0000AF
_OSCEN                                    (abs)        0000B3
_OSCFRQ                                   (abs)        0000B1
_OSCTUNE                                  (abs)        0000B0
_PIE0bits                                 (abs)        0004A8
_PIN_MANAGER_IOC                          text13       0018BC
_PIN_MANAGER_Initialize                   text4        001614
_PIR0bits                                 (abs)        0004B3
_PIR10bits                                (abs)        0004BD
_PIR1bits                                 (abs)        0004B4
_PIR2bits                                 (abs)        0004B5
_PIR6bits                                 (abs)        0004B9
_PORTCbits                                (abs)        0004D0
_RB4I2C                                   (abs)        000287
_RB6I2C                                   (abs)        000286
_RC5PPS                                   (abs)        000216
_SLRCONA                                  (abs)        000403
_SLRCONB                                  (abs)        00040B
_SLRCONC                                  (abs)        000413
_SYSTEM_Initialize                        text3        00188C
_TMR0IE                                   (abs)        00255F
_TMR1IF                                   (abs)        0025B4
_TRISA                                    (abs)        0004C6
_TRISB                                    (abs)        0004C7
_TRISC                                    (abs)        0004C8
_WDTCON0bits                              (abs)        000078
_WPUA                                     (abs)        000401
_WPUB                                     (abs)        000409
_WPUC                                     (abs)        000411
__HRAM                                    (abs)        000000
__H__absolute__                           __absolute__ 000000
__Habs1                                   abs1         000000
__Hbank10                                 bank10       000000
__Hbank11                                 bank11       000000
__Hbank12                                 bank12       000000
__Hbank13                                 bank13       000000
__Hbank14                                 bank14       000000
__Hbank15                                 bank15       000000
__Hbank16                                 bank16       000000
__Hbank17                                 bank17       000000
__Hbank18                                 bank18       000000
__Hbank19                                 bank19       000000
__Hbank20                                 bank20       000000
__Hbank5                                  bank5        000000
__Hbank6                                  bank6        000000
__Hbank7                                  bank7        000000
__Hbank8                                  bank8        000000
__Hbank9                                  bank9        000000
__Hbigbss                                 bigbss       000000
__Hbigdata                                bigdata      000000
__Hbigram                                 bigram       000000
__Hbigsfr                                 bigsfr       000000
__Hbss                                    bss          000000
__HbssCOMRAM                              bssCOMRAM    000000
__Hcinit                                  cinit        000000
__Hclrtext                                clrtext      000000
__Hcomram                                 comram       000000
__Hconfig                                 config       300009
__Hconst                                  const        000000
__HcstackCOMRAM                           cstackCOMRAM 000000
__Hdata                                   data         000000
__Heeprom_data                            eeprom_data  000000
__Hfarbss                                 farbss       000000
__Hfardata                                fardata      000000
__Hheap                                   heap         000000
__Hibigdata                               ibigdata     000000
__Hidata                                  idata        000000
__Hidloc                                  idloc        000000
__Hifardata                               ifardata     000000
__Hinit                                   init         00001E
__Hintsave_regs                           intsave_regs 000000
__Hirdata                                 irdata       000000
__Hivt0x8                                 ivt0x8       00001A
__Hmediumconst                            mediumconst  000000
__HnvCOMRAM                               nvCOMRAM     000000
__HnvFARRAM                               nvFARRAM     000000
__Hnvbit                                  nvbit        000000
__Hnvrram                                 nvrram       000000
__Hparam                                  rparam       000000
__Hpowerup                                powerup      000000
__Hram                                    ram          000000
__Hramtop                                 ramtop       001600
__Hrbit                                   rbit         000000
__Hrbss                                   rbss         000000
__Hrdata                                  rdata        000000
__Hreset_vec                              reset_vec    000004
__Hrparam                                 rparam       000000
__Hsfr                                    sfr          000000
__Hsmallconst                             smallconst   001614
__Hspace_0                                (abs)        0018BE
__Hspace_1                                (abs)        00051A
__Hspace_2                                (abs)        000000
__Hspace_4                                (abs)        600009
__Hstack                                  stack        000000
__Hstruct                                 struct       000000
__Htemp                                   temp         000000
__Htext                                   text         000000
__Htext0                                  text0        000000
__Htext1                                  text1        000000
__Htext10                                 text10       000000
__Htext11                                 text11       000000
__Htext12                                 text12       000000
__Htext13                                 text13       000000
__Htext2                                  text2        000000
__Htext3                                  text3        000000
__Htext4                                  text4        000000
__Htext5                                  text5        000000
__Htext6                                  text6        000000
__Htext7                                  text7        000000
__Htext8                                  text8        000000
__Htext9                                  text9        000000
__LRAM                                    (abs)        000001
__L__absolute__                           __absolute__ 000000
__Labs1                                   abs1         000000
__Lbank10                                 bank10       000000
__Lbank11                                 bank11       000000
__Lbank12                                 bank12       000000
__Lbank13                                 bank13       000000
__Lbank14                                 bank14       000000
__Lbank15                                 bank15       000000
__Lbank16                                 bank16       000000
__Lbank17                                 bank17       000000
__Lbank18                                 bank18       000000
__Lbank19                                 bank19       000000
__Lbank20                                 bank20       000000
__Lbank5                                  bank5        000000
__Lbank6                                  bank6        000000
__Lbank7                                  bank7        000000
__Lbank8                                  bank8        000000
__Lbank9                                  bank9        000000
__Lbigbss                                 bigbss       000000
__Lbigdata                                bigdata      000000
__Lbigram                                 bigram       000000
__Lbigsfr                                 bigsfr       000000
__Lbss                                    bss          000000
__LbssCOMRAM                              bssCOMRAM    000000
__Lcinit                                  cinit        000000
__Lclrtext                                clrtext      000000
__Lcomram                                 comram       000000
__Lconfig                                 config       000000
__Lconst                                  const        000000
__LcstackCOMRAM                           cstackCOMRAM 000000
__Ldata                                   data         000000
__Leeprom_data                            eeprom_data  000000
__Lfarbss                                 farbss       000000
__Lfardata                                fardata      000000
__Lheap                                   heap         000000
__Libigdata                               ibigdata     000000
__Lidata                                  idata        000000
__Lidloc                                  idloc        000000
__Lifardata                               ifardata     000000
__Linit                                   init         00001A
__Lintsave_regs                           intsave_regs 000000
__Lirdata                                 irdata       000000
__Livt0x8                                 ivt0x8       000008
__Lmediumconst                            mediumconst  000000
__LnvCOMRAM                               nvCOMRAM     000000
__LnvFARRAM                               nvFARRAM     000000
__Lnvbit                                  nvbit        000000
__Lnvrram                                 nvrram       000000
__Lparam                                  rparam       000000
__Lpowerup                                powerup      000000
__Lram                                    ram          000000
__Lramtop                                 ramtop       001600
__Lrbit                                   rbit         000000
__Lrbss                                   rbss         000000
__Lrdata                                  rdata        000000
__Lreset_vec                              reset_vec    000000
__Lrparam                                 rparam       000000
__Lsfr                                    sfr          000000
__Lsmallconst                             smallconst   001600
__Lspace_0                                (abs)        000000
__Lspace_1                                (abs)        000000
__Lspace_2                                (abs)        000000
__Lspace_4                                (abs)        000000
__Lstack                                  stack        000000
__Lstruct                                 struct       000000
__Ltemp                                   temp         000000
__Ltext                                   text         000000
__Ltext0                                  text0        000000
__Ltext1                                  text1        000000
__Ltext10                                 text10       000000
__Ltext11                                 text11       000000
__Ltext12                                 text12       000000
__Ltext13                                 text13       000000
__Ltext2                                  text2        000000
__Ltext3                                  text3        000000
__Ltext4                                  text4        000000
__Ltext5                                  text5        000000
__Ltext6                                  text6        000000
__Ltext7                                  text7        000000
__Ltext8                                  text8        000000
__Ltext9                                  text9        000000
__S0                                      (abs)        0018BE
__S1                                      (abs)        00051A
__S4                                      (abs)        000000
__S5                                      (abs)        000000
___heap_hi                                (abs)        000000
___heap_lo                                (abs)        000000
___inthi_sp                               stack        000000
___intlo_sp                               stack        000000
___param_bank                             (abs)        000000
___rparam_used                            (abs)        000001
___sp                                     stack        000000
__accesstop                               (abs)        000560
__activetblptr                            (abs)        000003
__end_of_ADCC_Initialize                  text10       0016FA
__end_of_CLOCK_Initialize                 text9        00188C
__end_of_HelloWorld                       text11       0017DE
__end_of_INT0_SetInterruptHandler         text8        0018BC
__end_of_INT1_SetInterruptHandler         text7        0018B2
__end_of_INT2_SetInterruptHandler         text6        0018A8
__end_of_INTERRUPT_Initialize             text5        001812
__end_of_INTERRUPT_InterruptManager       text12       001834
__end_of_PIN_MANAGER_IOC                  text13       0018BE
__end_of_PIN_MANAGER_Initialize           text4        00169A
__end_of_SYSTEM_Initialize                text3        00189E
__end_of__initialization                  cinit        00184E
__end_of_checkButtonS1                    text2        00179C
__end_of_main                             text0        00174E
__end_of_nextLab                          text1        001870
__initialization                          cinit        001834
__mediumconst                             mediumconst  000000
__pbssCOMRAM                              bssCOMRAM    000501
__pcinit                                  cinit        001834
__pcstackCOMRAM                           cstackCOMRAM 000516
__pivt0x8                                 ivt0x8       000008
__pnvCOMRAM                               nvCOMRAM     000510
__psmallconst                             smallconst   001600
__ptext0                                  text0        0016FA
__ptext1                                  text1        001854
__ptext10                                 text10       00169A
__ptext11                                 text11       00179C
__ptext12                                 text12       001812
__ptext13                                 text13       0018BC
__ptext2                                  text2        00174E
__ptext3                                  text3        00188C
__ptext4                                  text4        001614
__ptext5                                  text5        0017DE
__ptext6                                  text6        00189E
__ptext7                                  text7        0018A8
__ptext8                                  text8        0018B2
__ptext9                                  text9        001870
__ramtop                                  ramtop       001600
__smallconst                              smallconst   001600
_adcResult                                bssCOMRAM    000509
_adcResult@EEPROM$F911                    bssCOMRAM    000504
_adcResult@PWM$F693                       bssCOMRAM    000501
_btnState                                 bssCOMRAM    00050C
_checkButtonS1                            text2        00174E
_delay                                    bssCOMRAM    000508
_flagCounter                              bssCOMRAM    00050B
_labNumber                                bssCOMRAM    00050F
_labState                                 bssCOMRAM    00050D
_ledDisplay                               bssCOMRAM    000503
_main                                     text0        0016FA
_nextLab                                  text1        001854
_rotateReg                                bssCOMRAM    00050A
_rotateReg@Interrupt$F783                 bssCOMRAM    000505
_rotateReg@Timers$F730                    bssCOMRAM    000506
_rotateReg@VSR$F638                       bssCOMRAM    000507
_switchEvent                              bssCOMRAM    00050E
end_of_initialization                     cinit        00184E
intlevel0                                 text         000000
intlevel1                                 text         000000
intlevel2                                 text         000000
intlevel3                                 text         000000
isa$std                                   (abs)        000001
isa$xinst                                 (abs)        000000
ivt0x8_base                               ivt0x8       000008
stackhi                                   (abs)        000000
stacklo                                   (abs)        000000
start                                     init         00001A
start_initialization                      cinit        001834


MODULE INFORMATION

Module		Function		Class		Link	Load	Size
mcc_generated_files/system/src/interrupt.c
		_INT0_SetInterruptHandler		CODE           	18B2	0000	10
		_INT1_SetInterruptHandler		CODE           	18A8	0000	10
		_INT2_SetInterruptHandler		CODE           	189E	0000	10
		_INTERRUPT_Initialize		CODE           	17DE	0000	52
		_INTERRUPT_InterruptManager		CODE           	1812	0000	34

mcc_generated_files/system/src/interrupt.c estimated size: 116

mcc_generated_files/adc/src/adcc.c
		_ADCC_Initialize		CODE           	169A	0000	96

mcc_generated_files/adc/src/adcc.c estimated size: 96

Labs/Lab01_HelloWorld/HelloWorld.c
		_HelloWorld    		CODE           	179C	0000	66

Labs/Lab01_HelloWorld/HelloWorld.c estimated size: 66

mcc_generated_files/system/src/pins.c
		_PIN_MANAGER_Initialize		CODE           	1614	0000	134
		_PIN_MANAGER_IOC		CODE           	18BC	0000	2

mcc_generated_files/system/src/pins.c estimated size: 136

shared
		__initialization		CODE           	1834	0000	26

shared estimated size: 26

mcc_generated_files/system/src/clock.c
		_CLOCK_Initialize		CODE           	1870	0000	28

mcc_generated_files/system/src/clock.c estimated size: 28

main.c
		_main          		CODE           	16FA	0000	84
		_nextLab       		CODE           	1854	0000	28
		_checkButtonS1 		CODE           	174E	0000	78

main.c estimated size: 190

mcc_generated_files/system/src/system.c
		_SYSTEM_Initialize		CODE           	188C	0000	18

mcc_generated_files/system/src/system.c estimated size: 18

