Microchip MPLAB XC8 Compiler V2.20

Linker command line:

-W-3 --edf=C:\Program Files\Microchip\xc8\v2.20\pic\dat\en_msgs.txt \
  -pivt0x8=08h -cn \
  -h+dist/default/production\pic18f16q40_lpc_demo_code.X.production.sym \
  --cmf=dist/default/production\pic18f16q40_lpc_demo_code.X.production.cmf \
  -z -Q18F16Q40 -oC:\Users\C50931\AppData\Local\Temp\sdgg.2 \
  --defsym=__MPLAB_BUILD=1 \
  -Mdist/default/production/pic18f16q40_lpc_demo_code.X.production.map -E1 \
  -ver=XC8 Compiler --acfsm=1493 -ASTACK=05B1h-014FFh -pstack=STACK \
  -ACODE=00h-0FFFFh -ACONST=00h-0FFFFh -ASMALLCONST=01500h-015FFhx235 \
  -AMEDIUMCONST=01500h-0FFFFh -ACOMRAM=0501h-055Fh -AABS1=0500h-014FFh \
  -ABIGRAM=0501h-014FFh -ARAM=0560h-05FFh,0600h-06FFhx15 \
  -ABANK5=0560h-05FFh -ABANK6=0600h-06FFh -ABANK7=0700h-07FFh \
  -ABANK8=0800h-08FFh -ABANK9=0900h-09FFh -ABANK10=0A00h-0AFFh \
  -ABANK11=0B00h-0BFFh -ABANK12=0C00h-0CFFh -ABANK13=0D00h-0DFFh \
  -ABANK14=0E00h-0EFFh -ABANK15=0F00h-0FFFh -ABANK16=01000h-010FFh \
  -ABANK17=01100h-011FFh -ABANK18=01200h-012FFh -ABANK19=01300h-013FFh \
  -ABANK20=01400h-014FFh -ASFR=00h-0FFhx4,0400h-045Fh,0460h-04FFh \
  -ACONFIG=0300000h-0300011h -AIDLOC=0200000h-020001Fh -preset_vec=00h \
  -ppowerup=CODE,init -pramtop=01500h -psmallconst=SMALLCONST \
  -pmediumconst=MEDIUMCONST -pconst=CONST -AFARRAM=00h-00h \
  -AEEDATA=0380000h-03803FFh -peeprom_data=EEDATA \
  -prdata=COMRAM,nvrram=COMRAM,nvbit=COMRAM,rbss=COMRAM,rbit=COMRAM \
  -pfarbss=FARRAM,fardata=FARRAM,nvFARRAM=FARRAM \
  -pintsave_regs=BIGRAM,bigbss=BIGRAM,bigdata=BIGRAM -pbss=RAM \
  -pidata=CODE,irdata=CODE,ibigdata=CODE,ifardata=CODE -prparam=COMRAM \
  C:\Users\C50931\AppData\Local\Temp\sdgg.o \
  dist/default/production\pic18f16q40_lpc_demo_code.X.production.o 

Object code version is 3.11

Machine type is 18F16Q40



                Name                               Link     Load   Length Selector   Space Scale
C:\Users\C50931\AppData\Local\Temp\sdgg.o
                idloc                            200000   200000       20        0       5
                config                           300000   300000        A        0       4
                init                                 1A       1A        4        4       0
                reset_vec                             0        0        4        0       0
dist/default/production\pic18f16q40_lpc_demo_code.X.production.o
                idloc                            200000   200000       20        0       5
                config                           300000   300000        A        0       4
                smallconst                         1500     1500       14      A80       0
                ivt0x8                                8        8       12        4       0
                text64                             2D5A     2D5A        2      A8A       0
                text63                             257A     257A       8A      A8A       0
                text62                             2ACC     2ACC       30      A8A       0
                text61                             2BC8     2BC8       22      A8A       0
                text60                             2A92     2A92       3A      A8A       0
                text59                             19EE     19EE      188      A8A       0
                text58                             1B76     1B76      164      A8A       0
                text57                             29DE     29DE       40      A8A       0
                text56                             2C08     2C08       1E      A8A       0
                text55                             2D14     2D14        A      A8A       0
                text54                             24E4     24E4       96      A8A       0
                text53                             299A     299A       44      A8A       0
                text52                             2A58     2A58       3A      A8A       0
                text51                             22E6     22E6       C6      A8A       0
                text50                             1514     1514      2E4      A8A       0
                text49                             17F8     17F8      1F6      A8A       0
                text48                             2746     2746       68      A8A       0
                text47                             2B58     2B58       28      A8A       0
                text46                             1F28     1F28       FC      A8A       0
                text45                             2C94     2C94       14      A8A       0
                text44                             2B2A     2B2A       2E      A8A       0
                text43                             2CA8     2CA8        E      A8A       0
                text42                             2D4C     2D4C        6      A8A       0
                text41                             2D46     2D46        6      A8A       0
                text40                             23AC     23AC       A2      A8A       0
                text39                             2C7A     2C7A       1A      A8A       0
                text38                             28B6     28B6       52      A8A       0
                text37                             1E0A     1E0A      11E      A8A       0
                text36                             2956     2956       44      A8A       0
                text35                             2D0A     2D0A        A      A8A       0
                text34                             2908     2908       4E      A8A       0
                text33                             2D56     2D56        4      A8A       0
                text32                             2CC2     2CC2        C      A8A       0
                text31                             2D26     2D26        8      A8A       0
                text30                             2D1E     2D1E        8      A8A       0
                text29                             2D40     2D40        6      A8A       0
                text28                             2D3A     2D3A        6      A8A       0
                text27                             2D34     2D34        6      A8A       0
                text26                             2D2E     2D2E        6      A8A       0
                text25                             244E     244E       96      A8A       0
                text24                             2204     2204       E2      A8A       0
                text23                             27AE     27AE       5C      A8A       0
                text22                             2D52     2D52        4      A8A       0
                text21                             2C5E     2C5E       1C      A8A       0
                text20                             26DC     26DC       6A      A8A       0
                text19                             2C42     2C42       1C      A8A       0
                text18                             2D00     2D00        A      A8A       0
                text17                             2CF6     2CF6        A      A8A       0
                text16                             2CEC     2CEC        A      A8A       0
                text15                             2604     2604       6E      A8A       0
                text14                             2B80     2B80       26      A8A       0
                text13                             2A1E     2A1E       3A      A8A       0
                text12                             2C26     2C26       1C      A8A       0
                text11                             2CE2     2CE2        A      A8A       0
                text10                             2CD8     2CD8        A      A8A       0
                text9                              2CCE     2CCE        A      A8A       0
                text8                              2672     2672       6A      A8A       0
                text7                              2CB6     2CB6        C      A8A       0
                text6                              2AFC     2AFC       2E      A8A       0
                text5                              280A     280A       5A      A8A       0
                text4                              2024     2024       F8      A8A       0
                text3                              1CDA     1CDA      130      A8A       0
                text2                              2864     2864       52      A8A       0
                text1                              2BEA     2BEA       1E      A8A       0
                cstackCOMRAM                        501      501       5D      501       1
                cstackBANK5                         5A7      5A7        A      560       1
                bssBANK5                            560      560       37      560       1
                bssCOMRAM                           55E      55E        1      501       1
                cinit                              2BA6     2BA6       22      A8A       0
                nvBANK5                             597      597       10      560       1
                text0                              211C     211C       E8      A8A       0

TOTAL           Name                               Link     Load   Length     Space
        CLASS   STACK          

        CLASS   CODE           
                init                                 1A       1A        4         0
                reset_vec                             0        0        4         0
                ivt0x8                                8        8       12         0
                text64                             2D5A     2D5A        2         0
                text63                             257A     257A       8A         0
                text62                             2ACC     2ACC       30         0
                text61                             2BC8     2BC8       22         0
                text60                             2A92     2A92       3A         0
                text59                             19EE     19EE      188         0
                text58                             1B76     1B76      164         0
                text57                             29DE     29DE       40         0
                text56                             2C08     2C08       1E         0
                text55                             2D14     2D14        A         0
                text54                             24E4     24E4       96         0
                text53                             299A     299A       44         0
                text52                             2A58     2A58       3A         0
                text51                             22E6     22E6       C6         0
                text50                             1514     1514      2E4         0
                text49                             17F8     17F8      1F6         0
                text48                             2746     2746       68         0
                text47                             2B58     2B58       28         0
                text46                             1F28     1F28       FC         0
                text45                             2C94     2C94       14         0
                text44                             2B2A     2B2A       2E         0
                text43                             2CA8     2CA8        E         0
                text42                             2D4C     2D4C        6         0
                text41                             2D46     2D46        6         0
                text40                             23AC     23AC       A2         0
                text39                             2C7A     2C7A       1A         0
                text38                             28B6     28B6       52         0
                text37                             1E0A     1E0A      11E         0
                text36                             2956     2956       44         0
                text35                             2D0A     2D0A        A         0
                text34                             2908     2908       4E         0
                text33                             2D56     2D56        4         0
                text32                             2CC2     2CC2        C         0
                text31                             2D26     2D26        8         0
                text30                             2D1E     2D1E        8         0
                text29                             2D40     2D40        6         0
                text28                             2D3A     2D3A        6         0
                text27                             2D34     2D34        6         0
                text26                             2D2E     2D2E        6         0
                text25                             244E     244E       96         0
                text24                             2204     2204       E2         0
                text23                             27AE     27AE       5C         0
                text22                             2D52     2D52        4         0
                text21                             2C5E     2C5E       1C         0
                text20                             26DC     26DC       6A         0
                text19                             2C42     2C42       1C         0
                text18                             2D00     2D00        A         0
                text17                             2CF6     2CF6        A         0
                text16                             2CEC     2CEC        A         0
                text15                             2604     2604       6E         0
                text14                             2B80     2B80       26         0
                text13                             2A1E     2A1E       3A         0
                text12                             2C26     2C26       1C         0
                text11                             2CE2     2CE2        A         0
                text10                             2CD8     2CD8        A         0
                text9                              2CCE     2CCE        A         0
                text8                              2672     2672       6A         0
                text7                              2CB6     2CB6        C         0
                text6                              2AFC     2AFC       2E         0
                text5                              280A     280A       5A         0
                text4                              2024     2024       F8         0
                text3                              1CDA     1CDA      130         0
                text2                              2864     2864       52         0
                text1                              2BEA     2BEA       1E         0
                cinit                              2BA6     2BA6       22         0
                text0                              211C     211C       E8         0

        CLASS   CONST          

        CLASS   SMALLCONST     
                smallconst                         1500     1500       14         0

        CLASS   MEDIUMCONST    

        CLASS   COMRAM         
                cstackCOMRAM                        501      501       5D         1
                bssCOMRAM                           55E      55E        1         1

        CLASS   ABS1           

        CLASS   BIGRAM         

        CLASS   RAM            

        CLASS   BANK5          
                cstackBANK5                         5A7      5A7        A         1
                bssBANK5                            560      560       37         1
                nvBANK5                             597      597       10         1

        CLASS   BANK6          

        CLASS   BANK7          

        CLASS   BANK8          

        CLASS   BANK9          

        CLASS   BANK10         

        CLASS   BANK11         

        CLASS   BANK12         

        CLASS   BANK13         

        CLASS   BANK14         

        CLASS   BANK15         

        CLASS   BANK16         

        CLASS   BANK17         

        CLASS   BANK18         

        CLASS   BANK19         

        CLASS   BANK20         

        CLASS   SFR            

        CLASS   CONFIG         
                config                           300000   300000        A         4

        CLASS   IDLOC          
                idloc                            200000   200000       20         5

        CLASS   FARRAM         

        CLASS   EEDATA         



SEGMENTS        Name                           Load    Length   Top    Selector   Space  Class

                reset_vec                      000000  000004  000004         0       0  CODE    
                ivt0x8                         000008  000016  00001E         4       0  CODE    
                cstackCOMRAM                   000501  00005E  00055F       501       1  COMRAM  
                bssBANK5                       000560  000051  0005B1       560       1  BANK5   
                smallconst                     001500  000014  001514       A80       0  SMALLCON
                text50                         001514  001848  002D5C       A8A       0  CODE    


UNUSED ADDRESS RANGES

        Name                Unused          Largest block    Delta
        BANK10           000A00-000AFF              100
        BANK11           000B00-000BFF              100
        BANK12           000C00-000CFF              100
        BANK13           000D00-000DFF              100
        BANK14           000E00-000EFF              100
        BANK15           000F00-000FFF              100
        BANK16           001000-0010FF              100
        BANK17           001100-0011FF              100
        BANK18           001200-0012FF              100
        BANK19           001300-0013FF              100
        BANK20           001400-0014FF              100
        BANK5            0005B1-0005FF               4F
        BANK6            000600-0006FF              100
        BANK7            000700-0007FF              100
        BANK8            000800-0008FF              100
        BANK9            000900-0009FF              100
        BIGRAM           00055F-00055F                1
                         0005B1-0014FF              F4F
        CODE             000004-000007                4
                         00001E-0014FF             14E2
                         002D5C-00FFFF             D2A4
        COMRAM           00055F-00055F                1
        CONFIG           30000A-300011                8
        CONST            000004-000007                4
                         00001E-0014FF             14E2
                         002D5C-00FFFF             D2A4
        EEDATA           380000-3803FF              400
        MEDIUMCONST      002D5C-00FFFF             D2A4
        RAM              0005B1-0014FF              100
        SFR              000000-0004FF              100
        SMALLCONST       002D5C-00FFFF              100
        STACK            0005B1-0014FF              F4F

                                  Symbol Table

?_ADCC_GetSingleConversion                                    cstackCOMRAM 000502
?___aodiv                                                     cstackCOMRAM 000502
?___aomod                                                     cstackCOMRAM 000502
?_abs                                                         cstackCOMRAM 000514
?_dtoa                                                        cstackCOMRAM 00051F
?_pad                                                         cstackCOMRAM 000514
?_printf                                                      cstackBANK5  0005A7
?_strlen                                                      cstackCOMRAM 000502
?_vfpfcnvrt                                                   cstackCOMRAM 000543
?_vfprintf                                                    cstackCOMRAM 000553
ADCC_GetSingleConversion@channel                              cstackCOMRAM 000506
DATAEE_ReadByte@bAdd                                          cstackCOMRAM 000502
DATAEE_WriteByte@GIEBitValue                                  cstackCOMRAM 000505
DATAEE_WriteByte@bAdd                                         cstackCOMRAM 000502
DATAEE_WriteByte@bData                                        cstackCOMRAM 000504
IVTBASEH                                                      (abs)        00045E
IVTBASEL                                                      (abs)        00045D
IVTBASEU                                                      (abs)        00045F
PWM1_16BIT_Period_SetInterruptHandler@InterruptHandler        cstackCOMRAM 000502
PWM1_16BIT_SetSlice1Output1DutyCycleRegister@registerValue    cstackCOMRAM 000502
PWM1_16BIT_Slice1Output1_SetInterruptHandler@InterruptHandler cstackCOMRAM 000502
PWM1_16BIT_Slice1Output2_SetInterruptHandler@InterruptHandler cstackCOMRAM 000502
TMR0_SetInterruptHandler@InterruptHandler                     cstackCOMRAM 000502
TMR1_WriteTimer@timerVal                                      cstackCOMRAM 000502
UART1_SetErrorHandler@interruptHandler                        cstackCOMRAM 000502
UART1_SetFramingErrorHandler@interruptHandler                 cstackCOMRAM 000502
UART1_SetOverrunErrorHandler@interruptHandler                 cstackCOMRAM 000502
UART1_Write@txData                                            cstackCOMRAM 000502
_ACTCON                                                       (abs)        0000AC
_ADACCH                                                       (abs)        0003E4
_ADACCL                                                       (abs)        0003E3
_ADACCU                                                       (abs)        0003E5
_ADACQH                                                       (abs)        0003EF
_ADACQL                                                       (abs)        0003EE
_ADACT                                                        (abs)        0003F9
_ADC                                                          text46       001F28
_ADCAP                                                        (abs)        0003F0
_ADCC_GetSingleConversion                                     text60       002A92
_ADCC_Initialize                                              text23       0027AE
_ADCLK                                                        (abs)        0003FA
_ADCNT                                                        (abs)        0003E6
_ADCON0                                                       (abs)        0003F3
_ADCON0bits                                                   (abs)        0003F3
_ADCON1                                                       (abs)        0003F4
_ADCON1bits                                                   (abs)        0003F4
_ADCON2                                                       (abs)        0003F5
_ADCON2bits                                                   (abs)        0003F5
_ADCON3                                                       (abs)        0003F6
_ADCON3bits                                                   (abs)        0003F6
_ADERRH                                                       (abs)        0003DE
_ADERRL                                                       (abs)        0003DD
_ADFLTRH                                                      (abs)        0003E2
_ADFLTRL                                                      (abs)        0003E1
_ADLTHH                                                       (abs)        0003DA
_ADLTHL                                                       (abs)        0003D9
_ADPCH                                                        (abs)        0003EC
_ADPREH                                                       (abs)        0003F2
_ADPREL                                                       (abs)        0003F1
_ADPREVH                                                      (abs)        0003E9
_ADPREVL                                                      (abs)        0003E8
_ADREF                                                        (abs)        0003F8
_ADRES                                                        (abs)        0003EA
_ADRESH                                                       (abs)        0003EB
_ADRESL                                                       (abs)        0003EA
_ADRPT                                                        (abs)        0003E7
_ADSTAT                                                       (abs)        0003F7
_ADSTATbits                                                   (abs)        0003F7
_ADSTPTH                                                      (abs)        0003E0
_ADSTPTL                                                      (abs)        0003DF
_ADUTHH                                                       (abs)        0003DC
_ADUTHL                                                       (abs)        0003DB
_ANSELA                                                       (abs)        000400
_ANSELB                                                       (abs)        000408
_ANSELC                                                       (abs)        000410
_Blink                                                        text40       0023AC
_DATAEE_ReadByte                                              text39       002C7A
_DATAEE_WriteByte                                             text38       0028B6
_EEPROM                                                       text37       001E0A
_GIE                                                          (abs)        0026B7
_HelloWorld                                                   text36       002956
_INLVLA                                                       (abs)        000404
_INLVLB                                                       (abs)        00040C
_INLVLC                                                       (abs)        000414
_INTCON0bits                                                  (abs)        0004D6
_INTERRUPT_Initialize                                         text22       002D52
_INTERRUPT_InterruptManager                                   text61       002BC8
_Interrupt                                                    text34       002908
_LAB_ISR                                                      text63       00257A
_LATA                                                         (abs)        0004BE
_LATAbits                                                     (abs)        0004BE
_LATB                                                         (abs)        0004BF
_LATC                                                         (abs)        0004C0
_LATCbits                                                     (abs)        0004C0
_NVMADRH                                                      (abs)        000044
_NVMADRL                                                      (abs)        000043
_NVMADRU                                                      (abs)        000045
_NVMCON0bits                                                  (abs)        000040
_NVMCON1bits                                                  (abs)        000041
_NVMDATL                                                      (abs)        000046
_NVMLOCK                                                      (abs)        000042
_ODCONA                                                       (abs)        000402
_ODCONB                                                       (abs)        00040A
_ODCONC                                                       (abs)        000412
_OSCCON1                                                      (abs)        0000AD
_OSCCON3                                                      (abs)        0000AF
_OSCEN                                                        (abs)        0000B3
_OSCFRQ                                                       (abs)        0000B1
_OSCILLATOR_Initialize                                        text21       002C5E
_OSCTUNE                                                      (abs)        0000B0
_PCON0bits                                                    (abs)        0004F0
_PIE3bits                                                     (abs)        0004AB
_PIE4bits                                                     (abs)        0004AC
_PIN_MANAGER_Initialize                                       text20       0026DC
_PIR0bits                                                     (abs)        0004B3
_PIR3bits                                                     (abs)        0004B6
_PIR4bits                                                     (abs)        0004B7
_PMD0                                                         (abs)        000063
_PMD1                                                         (abs)        000064
_PMD2                                                         (abs)        000065
_PMD3                                                         (abs)        000066
_PMD4                                                         (abs)        000067
_PMD5                                                         (abs)        000068
_PMD_Initialize                                               text19       002C42
_PORTCbits                                                    (abs)        0004D0
_PR2                                                          (abs)        00031D
_PWM                                                          text25       00244E
_PWM1CLK                                                      (abs)        000461
_PWM1CON                                                      (abs)        000469
_PWM1CONbits                                                  (abs)        000469
_PWM1CPRE                                                     (abs)        000465
_PWM1ERS                                                      (abs)        000460
_PWM1ERSPPS                                                   (abs)        000251
_PWM1GIE                                                      (abs)        000468
_PWM1GIEbits                                                  (abs)        000468
_PWM1GIR                                                      (abs)        000467
_PWM1GIRbits                                                  (abs)        000467
_PWM1LDS                                                      (abs)        000462
_PWM1PIPOS                                                    (abs)        000466
_PWM1PRH                                                      (abs)        000464
_PWM1PRL                                                      (abs)        000463
_PWM1S1CFG                                                    (abs)        00046A
_PWM1S1P1H                                                    (abs)        00046C
_PWM1S1P1L                                                    (abs)        00046B
_PWM1S1P2H                                                    (abs)        00046E
_PWM1S1P2L                                                    (abs)        00046D
_PWM1_16BIT_Initialize                                        text15       002604
_PWM1_16BIT_LoadBufferRegisters                               text33       002D56
_PWM1_16BIT_Period_DefaultInterruptHandler                    (abs)        000000
_PWM1_16BIT_Period_InterruptHandler                           nvBANK5      000597
_PWM1_16BIT_Period_SetInterruptHandler                        text18       002D00
_PWM1_16BIT_SetSlice1Output1DutyCycleRegister                 text32       002CC2
_PWM1_16BIT_Slice1Output1_DefaultInterruptHandler             (abs)        000000
_PWM1_16BIT_Slice1Output1_InterruptHandler                    nvBANK5      00059B
_PWM1_16BIT_Slice1Output1_SetInterruptHandler                 text17       002CF6
_PWM1_16BIT_Slice1Output2_DefaultInterruptHandler             (abs)        000000
_PWM1_16BIT_Slice1Output2_InterruptHandler                    nvBANK5      000599
_PWM1_16BIT_Slice1Output2_SetInterruptHandler                 text16       002CEC
_PWMIN0PPS                                                    (abs)        000257
_PWMIN1PPS                                                    (abs)        000258
_PWM_Output_D7_Disable                                        text31       002D26
_PWM_Output_D7_Enable                                         text30       002D1E
_RC5PPS                                                       (abs)        000216
_RC6PPS                                                       (abs)        000217
_Rotate                                                       text24       002204
_SLRCONA                                                      (abs)        000403
_SLRCONB                                                      (abs)        00040B
_SLRCONC                                                      (abs)        000413
_SYSTEM_Initialize                                            text6        002AFC
_SleepWakeUp                                                  text5        00280A
_T0CON0                                                       (abs)        00031A
_T0CON0bits                                                   (abs)        00031A
_T0CON1                                                       (abs)        00031B
_T1CLK                                                        (abs)        000317
_T1CON                                                        (abs)        000314
_T1CONbits                                                    (abs)        000314
_T1GATE                                                       (abs)        000316
_T1GCON                                                       (abs)        000315
_T1GCONbits                                                   (abs)        000315
_T2CLKCON                                                     (abs)        000320
_T2CON                                                        (abs)        00031E
_T2CONbits                                                    (abs)        00031E
_T2HLT                                                        (abs)        00031F
_T2HLTbits                                                    (abs)        00031F
_T2PR                                                         (abs)        00031D
_T2RST                                                        (abs)        000321
_T2RSTbits                                                    (abs)        000321
_T2TMR                                                        (abs)        00031C
_TABLAT                                                       (abs)        0004F5
_TBLPTRH                                                      (abs)        0004F7
_TBLPTRL                                                      (abs)        0004F6
_TBLPTRU                                                      (abs)        0004F8
_TMR0H                                                        (abs)        000319
_TMR0IE                                                       (abs)        00255F
_TMR0L                                                        (abs)        000318
_TMR0_DefaultInterruptHandler                                 text64       002D5A
_TMR0_ISR                                                     text62       002ACC
_TMR0_Initialize                                              text14       002B80
_TMR0_InterruptHandler                                        nvBANK5      0005A5
_TMR0_SetInterruptHandler                                     text35       002D0A
_TMR1H                                                        (abs)        000313
_TMR1IF                                                       (abs)        0025B4
_TMR1L                                                        (abs)        000312
_TMR1_HasOverflowOccured                                      text45       002C94
_TMR1_Initialize                                              text13       002A1E
_TMR1_Reload                                                  text43       002CA8
_TMR1_StartTimer                                              text42       002D4C
_TMR1_StopTimer                                               text41       002D46
_TMR1_WriteTimer                                              text44       002B2A
_TMR2                                                         (abs)        00031C
_TMR2_Initialize                                              text12       002C26
_TMR2_Start                                                   text29       002D40
_TMR2_StartTimer                                              text28       002D3A
_TMR2_Stop                                                    text27       002D34
_TMR2_StopTimer                                               text26       002D2E
_TRISA                                                        (abs)        0004C6
_TRISB                                                        (abs)        0004C7
_TRISC                                                        (abs)        0004C8
_Timer1                                                       text4        002024
_U1BRGH                                                       (abs)        0002AF
_U1BRGL                                                       (abs)        0002AE
_U1CON0                                                       (abs)        0002AB
_U1CON0bits                                                   (abs)        0002AB
_U1CON1                                                       (abs)        0002AC
_U1CON2                                                       (abs)        0002AD
_U1ERRIE                                                      (abs)        0002B3
_U1ERRIR                                                      (abs)        0002B2
_U1ERRIRbits                                                  (abs)        0002B2
_U1FIFO                                                       (abs)        0002B0
_U1P1H                                                        (abs)        0002A6
_U1P1L                                                        (abs)        0002A5
_U1P2H                                                        (abs)        0002A8
_U1P2L                                                        (abs)        0002A7
_U1P3H                                                        (abs)        0002AA
_U1P3L                                                        (abs)        0002A9
_U1RXB                                                        (abs)        0002A1
_U1RXPPS                                                      (abs)        000272
_U1TXB                                                        (abs)        0002A3
_U1UIR                                                        (abs)        0002B1
_UART1_DefaultErrorHandler                                    (abs)        000000
_UART1_DefaultFramingErrorHandler                             (abs)        000000
_UART1_DefaultOverrunErrorHandler                             (abs)        000000
_UART1_ErrorHandler                                           nvBANK5      00059D
_UART1_FramingErrorHandler                                    nvBANK5      0005A1
_UART1_Initialize                                             text8        002672
_UART1_OverrunErrorHandler                                    nvBANK5      00059F
_UART1_SetErrorHandler                                        text11       002CE2
_UART1_SetFramingErrorHandler                                 text10       002CD8
_UART1_SetOverrunErrorHandler                                 text9        002CCE
_UART1_Write                                                  text56       002C08
_VSR                                                          text3        001CDA
_WDTCON0                                                      (abs)        000078
_WDTCON0bits                                                  (abs)        000078
_WDTCON1                                                      (abs)        000079
_WPUA                                                         (abs)        000401
_WPUB                                                         (abs)        000409
_WPUC                                                         (abs)        000411
_WWDT_Initialize                                              text7        002CB6
__HRAM                                                        (abs)        000000
__Habs1                                                       abs1         000000
__Hbank10                                                     bank10       000000
__Hbank11                                                     bank11       000000
__Hbank12                                                     bank12       000000
__Hbank13                                                     bank13       000000
__Hbank14                                                     bank14       000000
__Hbank15                                                     bank15       000000
__Hbank16                                                     bank16       000000
__Hbank17                                                     bank17       000000
__Hbank18                                                     bank18       000000
__Hbank19                                                     bank19       000000
__Hbank20                                                     bank20       000000
__Hbank5                                                      bank5        000000
__Hbank6                                                      bank6        000000
__Hbank7                                                      bank7        000000
__Hbank8                                                      bank8        000000
__Hbank9                                                      bank9        000000
__Hbigbss                                                     bigbss       000000
__Hbigdata                                                    bigdata      000000
__Hbigram                                                     bigram       000000
__Hbss                                                        bss          000000
__HbssBANK5                                                   bssBANK5     000000
__HbssCOMRAM                                                  bssCOMRAM    000000
__Hcinit                                                      cinit        000000
__Hclrtext                                                    clrtext      000000
__Hcomram                                                     comram       000000
__Hconfig                                                     config       30000A
__Hconst                                                      const        000000
__HcstackBANK5                                                cstackBANK5  000000
__HcstackCOMRAM                                               cstackCOMRAM 000000
__Hdata                                                       data         000000
__Heeprom_data                                                eeprom_data  000000
__Hfarbss                                                     farbss       000000
__Hfardata                                                    fardata      000000
__Hibigdata                                                   ibigdata     000000
__Hidata                                                      idata        000000
__Hidloc                                                      idloc        200020
__Hifardata                                                   ifardata     000000
__Hinit                                                       init         00001E
__Hintsave_regs                                               intsave_regs 000000
__Hirdata                                                     irdata       000000
__Hivt0x8                                                     ivt0x8       00001A
__Hmediumconst                                                mediumconst  000000
__HnvBANK5                                                    nvBANK5      000000
__HnvFARRAM                                                   nvFARRAM     000000
__Hnvbit                                                      nvbit        000000
__Hnvrram                                                     nvrram       000000
__Hparam                                                      rparam       000000
__Hpowerup                                                    powerup      000000
__Hram                                                        ram          000000
__Hramtop                                                     ramtop       001500
__Hrbit                                                       rbit         000000
__Hrbss                                                       rbss         000000
__Hrdata                                                      rdata        000000
__Hreset_vec                                                  reset_vec    000004
__Hrparam                                                     rparam       000000
__Hsfr                                                        sfr          000000
__Hsmallconst                                                 smallconst   001514
__Hspace_0                                                    (abs)        002D5C
__Hspace_1                                                    (abs)        0005B1
__Hspace_2                                                    (abs)        000000
__Hspace_4                                                    (abs)        60000A
__Hstack                                                      stack        000000
__Hstruct                                                     struct       000000
__Htemp                                                       temp         000000
__Htext                                                       text         000000
__Htext0                                                      text0        000000
__Htext1                                                      text1        000000
__Htext10                                                     text10       000000
__Htext11                                                     text11       000000
__Htext12                                                     text12       000000
__Htext13                                                     text13       000000
__Htext14                                                     text14       000000
__Htext15                                                     text15       000000
__Htext16                                                     text16       000000
__Htext17                                                     text17       000000
__Htext18                                                     text18       000000
__Htext19                                                     text19       000000
__Htext2                                                      text2        000000
__Htext20                                                     text20       000000
__Htext21                                                     text21       000000
__Htext22                                                     text22       000000
__Htext23                                                     text23       000000
__Htext24                                                     text24       000000
__Htext25                                                     text25       000000
__Htext26                                                     text26       000000
__Htext27                                                     text27       000000
__Htext28                                                     text28       000000
__Htext29                                                     text29       000000
__Htext3                                                      text3        000000
__Htext30                                                     text30       000000
__Htext31                                                     text31       000000
__Htext32                                                     text32       000000
__Htext33                                                     text33       000000
__Htext34                                                     text34       000000
__Htext35                                                     text35       000000
__Htext36                                                     text36       000000
__Htext37                                                     text37       000000
__Htext38                                                     text38       000000
__Htext39                                                     text39       000000
__Htext4                                                      text4        000000
__Htext40                                                     text40       000000
__Htext41                                                     text41       000000
__Htext42                                                     text42       000000
__Htext43                                                     text43       000000
__Htext44                                                     text44       000000
__Htext45                                                     text45       000000
__Htext46                                                     text46       000000
__Htext47                                                     text47       000000
__Htext48                                                     text48       000000
__Htext49                                                     text49       000000
__Htext5                                                      text5        000000
__Htext50                                                     text50       000000
__Htext51                                                     text51       000000
__Htext52                                                     text52       000000
__Htext53                                                     text53       000000
__Htext54                                                     text54       000000
__Htext55                                                     text55       000000
__Htext56                                                     text56       000000
__Htext57                                                     text57       000000
__Htext58                                                     text58       000000
__Htext59                                                     text59       000000
__Htext6                                                      text6        000000
__Htext60                                                     text60       000000
__Htext61                                                     text61       000000
__Htext62                                                     text62       000000
__Htext63                                                     text63       000000
__Htext64                                                     text64       000000
__Htext65                                                     text65       000000
__Htext7                                                      text7        000000
__Htext8                                                      text8        000000
__Htext9                                                      text9        000000
__LRAM                                                        (abs)        000001
__Labs1                                                       abs1         000000
__Lbank10                                                     bank10       000000
__Lbank11                                                     bank11       000000
__Lbank12                                                     bank12       000000
__Lbank13                                                     bank13       000000
__Lbank14                                                     bank14       000000
__Lbank15                                                     bank15       000000
__Lbank16                                                     bank16       000000
__Lbank17                                                     bank17       000000
__Lbank18                                                     bank18       000000
__Lbank19                                                     bank19       000000
__Lbank20                                                     bank20       000000
__Lbank5                                                      bank5        000000
__Lbank6                                                      bank6        000000
__Lbank7                                                      bank7        000000
__Lbank8                                                      bank8        000000
__Lbank9                                                      bank9        000000
__Lbigbss                                                     bigbss       000000
__Lbigdata                                                    bigdata      000000
__Lbigram                                                     bigram       000000
__Lbss                                                        bss          000000
__LbssBANK5                                                   bssBANK5     000000
__LbssCOMRAM                                                  bssCOMRAM    000000
__Lcinit                                                      cinit        000000
__Lclrtext                                                    clrtext      000000
__Lcomram                                                     comram       000000
__Lconfig                                                     config       000000
__Lconst                                                      const        000000
__LcstackBANK5                                                cstackBANK5  000000
__LcstackCOMRAM                                               cstackCOMRAM 000000
__Ldata                                                       data         000000
__Leeprom_data                                                eeprom_data  000000
__Lfarbss                                                     farbss       000000
__Lfardata                                                    fardata      000000
__Libigdata                                                   ibigdata     000000
__Lidata                                                      idata        000000
__Lidloc                                                      idloc        000000
__Lifardata                                                   ifardata     000000
__Linit                                                       init         00001A
__Lintsave_regs                                               intsave_regs 000000
__Lirdata                                                     irdata       000000
__Livt0x8                                                     ivt0x8       000008
__Lmediumconst                                                mediumconst  000000
__LnvBANK5                                                    nvBANK5      000000
__LnvFARRAM                                                   nvFARRAM     000000
__Lnvbit                                                      nvbit        000000
__Lnvrram                                                     nvrram       000000
__Lparam                                                      rparam       000000
__Lpowerup                                                    powerup      000000
__Lram                                                        ram          000000
__Lramtop                                                     ramtop       001500
__Lrbit                                                       rbit         000000
__Lrbss                                                       rbss         000000
__Lrdata                                                      rdata        000000
__Lreset_vec                                                  reset_vec    000000
__Lrparam                                                     rparam       000000
__Lsfr                                                        sfr          000000
__Lsmallconst                                                 smallconst   001500
__Lspace_0                                                    (abs)        000000
__Lspace_1                                                    (abs)        000000
__Lspace_2                                                    (abs)        000000
__Lspace_4                                                    (abs)        000000
__Lstack                                                      stack        000000
__Lstruct                                                     struct       000000
__Ltemp                                                       temp         000000
__Ltext                                                       text         000000
__Ltext0                                                      text0        000000
__Ltext1                                                      text1        000000
__Ltext10                                                     text10       000000
__Ltext11                                                     text11       000000
__Ltext12                                                     text12       000000
__Ltext13                                                     text13       000000
__Ltext14                                                     text14       000000
__Ltext15                                                     text15       000000
__Ltext16                                                     text16       000000
__Ltext17                                                     text17       000000
__Ltext18                                                     text18       000000
__Ltext19                                                     text19       000000
__Ltext2                                                      text2        000000
__Ltext20                                                     text20       000000
__Ltext21                                                     text21       000000
__Ltext22                                                     text22       000000
__Ltext23                                                     text23       000000
__Ltext24                                                     text24       000000
__Ltext25                                                     text25       000000
__Ltext26                                                     text26       000000
__Ltext27                                                     text27       000000
__Ltext28                                                     text28       000000
__Ltext29                                                     text29       000000
__Ltext3                                                      text3        000000
__Ltext30                                                     text30       000000
__Ltext31                                                     text31       000000
__Ltext32                                                     text32       000000
__Ltext33                                                     text33       000000
__Ltext34                                                     text34       000000
__Ltext35                                                     text35       000000
__Ltext36                                                     text36       000000
__Ltext37                                                     text37       000000
__Ltext38                                                     text38       000000
__Ltext39                                                     text39       000000
__Ltext4                                                      text4        000000
__Ltext40                                                     text40       000000
__Ltext41                                                     text41       000000
__Ltext42                                                     text42       000000
__Ltext43                                                     text43       000000
__Ltext44                                                     text44       000000
__Ltext45                                                     text45       000000
__Ltext46                                                     text46       000000
__Ltext47                                                     text47       000000
__Ltext48                                                     text48       000000
__Ltext49                                                     text49       000000
__Ltext5                                                      text5        000000
__Ltext50                                                     text50       000000
__Ltext51                                                     text51       000000
__Ltext52                                                     text52       000000
__Ltext53                                                     text53       000000
__Ltext54                                                     text54       000000
__Ltext55                                                     text55       000000
__Ltext56                                                     text56       000000
__Ltext57                                                     text57       000000
__Ltext58                                                     text58       000000
__Ltext59                                                     text59       000000
__Ltext6                                                      text6        000000
__Ltext60                                                     text60       000000
__Ltext61                                                     text61       000000
__Ltext62                                                     text62       000000
__Ltext63                                                     text63       000000
__Ltext64                                                     text64       000000
__Ltext65                                                     text65       000000
__Ltext7                                                      text7        000000
__Ltext8                                                      text8        000000
__Ltext9                                                      text9        000000
__S0                                                          (abs)        002D5C
__S1                                                          (abs)        0005B1
__S2                                                          (abs)        000000
__S4                                                          (abs)        000000
__S5                                                          (abs)        000000
___aodiv                                                      text59       0019EE
___aodiv@counter                                              cstackCOMRAM 000512
___aodiv@dividend                                             cstackCOMRAM 000502
___aodiv@divisor                                              cstackCOMRAM 00050A
___aodiv@quotient                                             cstackCOMRAM 000514
___aodiv@sign                                                 cstackCOMRAM 000513
___aomod                                                      text58       001B76
___aomod@counter                                              cstackCOMRAM 000512
___aomod@dividend                                             cstackCOMRAM 000502
___aomod@divisor                                              cstackCOMRAM 00050A
___aomod@sign                                                 cstackCOMRAM 000513
___inthi_sp                                                   stack        000000
___intlo_sp                                                   stack        000000
___param_bank                                                 (abs)        000000
___rparam_used                                                (abs)        000001
___sp                                                         stack        000000
__accesstop                                                   (abs)        000560
__activetblptr                                                (abs)        000003
__end_of_ADC                                                  text46       002024
__end_of_ADCC_GetSingleConversion                             text60       002ACC
__end_of_ADCC_Initialize                                      text23       00280A
__end_of_Blink                                                text40       00244E
__end_of_DATAEE_ReadByte                                      text39       002C94
__end_of_DATAEE_WriteByte                                     text38       002908
__end_of_EEPROM                                               text37       001F28
__end_of_HelloWorld                                           text36       00299A
__end_of_INTERRUPT_Initialize                                 text22       002D56
__end_of_INTERRUPT_InterruptManager                           text61       002BEA
__end_of_Interrupt                                            text34       002956
__end_of_LAB_ISR                                              text63       002604
__end_of_OSCILLATOR_Initialize                                text21       002C7A
__end_of_PIN_MANAGER_Initialize                               text20       002746
__end_of_PMD_Initialize                                       text19       002C5E
__end_of_PWM                                                  text25       0024E4
__end_of_PWM1_16BIT_Initialize                                text15       002672
__end_of_PWM1_16BIT_LoadBufferRegisters                       text33       002D5A
__end_of_PWM1_16BIT_Period_SetInterruptHandler                text18       002D0A
__end_of_PWM1_16BIT_SetSlice1Output1DutyCycleRegister         text32       002CCE
__end_of_PWM1_16BIT_Slice1Output1_SetInterruptHandler         text17       002D00
__end_of_PWM1_16BIT_Slice1Output2_SetInterruptHandler         text16       002CF6
__end_of_PWM_Output_D7_Disable                                text31       002D2E
__end_of_PWM_Output_D7_Enable                                 text30       002D26
__end_of_Rotate                                               text24       0022E6
__end_of_SYSTEM_Initialize                                    text6        002B2A
__end_of_SleepWakeUp                                          text5        002864
__end_of_TMR0_DefaultInterruptHandler                         text64       002D5C
__end_of_TMR0_ISR                                             text62       002AFC
__end_of_TMR0_Initialize                                      text14       002BA6
__end_of_TMR0_SetInterruptHandler                             text35       002D14
__end_of_TMR1_HasOverflowOccured                              text45       002CA8
__end_of_TMR1_Initialize                                      text13       002A58
__end_of_TMR1_Reload                                          text43       002CB6
__end_of_TMR1_StartTimer                                      text42       002D52
__end_of_TMR1_StopTimer                                       text41       002D4C
__end_of_TMR1_WriteTimer                                      text44       002B58
__end_of_TMR2_Initialize                                      text12       002C42
__end_of_TMR2_Start                                           text29       002D46
__end_of_TMR2_StartTimer                                      text28       002D40
__end_of_TMR2_Stop                                            text27       002D3A
__end_of_TMR2_StopTimer                                       text26       002D34
__end_of_Timer1                                               text4        00211C
__end_of_UART1_Initialize                                     text8        0026DC
__end_of_UART1_SetErrorHandler                                text11       002CEC
__end_of_UART1_SetFramingErrorHandler                         text10       002CE2
__end_of_UART1_SetOverrunErrorHandler                         text9        002CD8
__end_of_UART1_Write                                          text56       002C26
__end_of_VSR                                                  text3        001E0A
__end_of_WWDT_Initialize                                      text7        002CC2
__end_of___aodiv                                              text59       001B76
__end_of___aomod                                              text58       001CDA
__end_of__initialization                                      cinit        002BC2
__end_of_abs                                                  text57       002A1E
__end_of_checkButtonS1                                        text2        0028B6
__end_of_dtoa                                                 text50       0017F8
__end_of_fputc                                                text54       00257A
__end_of_fputs                                                text53       0029DE
__end_of_main                                                 text0        002204
__end_of_nextLab                                              text1        002C08
__end_of_pad                                                  text51       0023AC
__end_of_printf                                               text47       002B80
__end_of_putch                                                text55       002D1E
__end_of_strlen                                               text52       002A92
__end_of_vfpfcnvrt                                            text49       0019EE
__end_of_vfprintf                                             text48       0027AE
__initialization                                              cinit        002BA6
__mediumconst                                                 mediumconst  000000
__pbssBANK5                                                   bssBANK5     000560
__pbssCOMRAM                                                  bssCOMRAM    00055E
__pcinit                                                      cinit        002BA6
__pcstackBANK5                                                cstackBANK5  0005A7
__pcstackCOMRAM                                               cstackCOMRAM 000501
__pivt0x8                                                     ivt0x8       000008
__pnvBANK5                                                    nvBANK5      000597
__psmallconst                                                 smallconst   001500
__ptext0                                                      text0        00211C
__ptext1                                                      text1        002BEA
__ptext10                                                     text10       002CD8
__ptext11                                                     text11       002CE2
__ptext12                                                     text12       002C26
__ptext13                                                     text13       002A1E
__ptext14                                                     text14       002B80
__ptext15                                                     text15       002604
__ptext16                                                     text16       002CEC
__ptext17                                                     text17       002CF6
__ptext18                                                     text18       002D00
__ptext19                                                     text19       002C42
__ptext2                                                      text2        002864
__ptext20                                                     text20       0026DC
__ptext21                                                     text21       002C5E
__ptext22                                                     text22       002D52
__ptext23                                                     text23       0027AE
__ptext24                                                     text24       002204
__ptext25                                                     text25       00244E
__ptext26                                                     text26       002D2E
__ptext27                                                     text27       002D34
__ptext28                                                     text28       002D3A
__ptext29                                                     text29       002D40
__ptext3                                                      text3        001CDA
__ptext30                                                     text30       002D1E
__ptext31                                                     text31       002D26
__ptext32                                                     text32       002CC2
__ptext33                                                     text33       002D56
__ptext34                                                     text34       002908
__ptext35                                                     text35       002D0A
__ptext36                                                     text36       002956
__ptext37                                                     text37       001E0A
__ptext38                                                     text38       0028B6
__ptext39                                                     text39       002C7A
__ptext4                                                      text4        002024
__ptext40                                                     text40       0023AC
__ptext41                                                     text41       002D46
__ptext42                                                     text42       002D4C
__ptext43                                                     text43       002CA8
__ptext44                                                     text44       002B2A
__ptext45                                                     text45       002C94
__ptext46                                                     text46       001F28
__ptext47                                                     text47       002B58
__ptext48                                                     text48       002746
__ptext49                                                     text49       0017F8
__ptext5                                                      text5        00280A
__ptext50                                                     text50       001514
__ptext51                                                     text51       0022E6
__ptext52                                                     text52       002A58
__ptext53                                                     text53       00299A
__ptext54                                                     text54       0024E4
__ptext55                                                     text55       002D14
__ptext56                                                     text56       002C08
__ptext57                                                     text57       0029DE
__ptext58                                                     text58       001B76
__ptext59                                                     text59       0019EE
__ptext6                                                      text6        002AFC
__ptext60                                                     text60       002A92
__ptext61                                                     text61       002BC8
__ptext62                                                     text62       002ACC
__ptext63                                                     text63       00257A
__ptext64                                                     text64       002D5A
__ptext65                                                     text65       000000
__ptext7                                                      text7        002CB6
__ptext8                                                      text8        002672
__ptext9                                                      text9        002CCE
__ramtop                                                      ramtop       001500
__size_of_ADC                                                 (abs)        000000
__size_of_ADCC_GetSingleConversion                            (abs)        000000
__size_of_ADCC_Initialize                                     (abs)        000000
__size_of_Blink                                               (abs)        000000
__size_of_DATAEE_ReadByte                                     (abs)        000000
__size_of_DATAEE_WriteByte                                    (abs)        000000
__size_of_EEPROM                                              (abs)        000000
__size_of_HelloWorld                                          (abs)        000000
__size_of_INTERRUPT_Initialize                                (abs)        000000
__size_of_INTERRUPT_InterruptManager                          (abs)        000000
__size_of_Interrupt                                           (abs)        000000
__size_of_LAB_ISR                                             (abs)        000000
__size_of_OSCILLATOR_Initialize                               (abs)        000000
__size_of_PIN_MANAGER_Initialize                              (abs)        000000
__size_of_PMD_Initialize                                      (abs)        000000
__size_of_PWM                                                 (abs)        000000
__size_of_PWM1_16BIT_Initialize                               (abs)        000000
__size_of_PWM1_16BIT_LoadBufferRegisters                      (abs)        000000
__size_of_PWM1_16BIT_Period_SetInterruptHandler               (abs)        000000
__size_of_PWM1_16BIT_SetSlice1Output1DutyCycleRegister        (abs)        000000
__size_of_PWM1_16BIT_Slice1Output1_SetInterruptHandler        (abs)        000000
__size_of_PWM1_16BIT_Slice1Output2_SetInterruptHandler        (abs)        000000
__size_of_PWM_Output_D7_Disable                               (abs)        000000
__size_of_PWM_Output_D7_Enable                                (abs)        000000
__size_of_Rotate                                              (abs)        000000
__size_of_SYSTEM_Initialize                                   (abs)        000000
__size_of_SleepWakeUp                                         (abs)        000000
__size_of_TMR0_DefaultInterruptHandler                        (abs)        000000
__size_of_TMR0_ISR                                            (abs)        000000
__size_of_TMR0_Initialize                                     (abs)        000000
__size_of_TMR0_SetInterruptHandler                            (abs)        000000
__size_of_TMR1_HasOverflowOccured                             (abs)        000000
__size_of_TMR1_Initialize                                     (abs)        000000
__size_of_TMR1_Reload                                         (abs)        000000
__size_of_TMR1_StartTimer                                     (abs)        000000
__size_of_TMR1_StopTimer                                      (abs)        000000
__size_of_TMR1_WriteTimer                                     (abs)        000000
__size_of_TMR2_Initialize                                     (abs)        000000
__size_of_TMR2_Start                                          (abs)        000000
__size_of_TMR2_StartTimer                                     (abs)        000000
__size_of_TMR2_Stop                                           (abs)        000000
__size_of_TMR2_StopTimer                                      (abs)        000000
__size_of_Timer1                                              (abs)        000000
__size_of_UART1_Initialize                                    (abs)        000000
__size_of_UART1_SetErrorHandler                               (abs)        000000
__size_of_UART1_SetFramingErrorHandler                        (abs)        000000
__size_of_UART1_SetOverrunErrorHandler                        (abs)        000000
__size_of_UART1_Write                                         (abs)        000000
__size_of_VSR                                                 (abs)        000000
__size_of_WWDT_Initialize                                     (abs)        000000
[...]
 Hardware stack levels required when called:    4
 This function calls:
		_UART1_Write
 This function is called by:
		_fputc
 This function uses a non-reentrant model


 *************** function _UART1_Write *****************
 Defined at:
		line 171 in file "mcc_generated_files/uart1.c"
 Parameters:    Size  Location     Type
  txData          1    wreg     unsigned char 
 Auto vars:     Size  Location     Type
  txData          1    1[COMRAM] unsigned char 
 Return value:  Size  Location     Type
                  1    wreg      void 
 Registers used:
		wreg
 Tracked objects:
		On entry : 
		On exit  : 
		Unchanged: 
 Data sizes:     COMRAM   BANK5   BANK6   BANK7   BANK8   BANK9  BANK10  BANK11  BANK12  BANK13  BANK14  BANK15  BANK16  BANK17  BANK18  BANK19  BANK20
      Params:         0       0       0       0       0       0       0       0       0       0       0       0       0       0       0       0       0
      Locals:         1       0       0       0       0       0       0       0       0       0       0       0       0       0       0       0       0
      Temps:          0       0       0       0       0       0       0       0       0       0       0       0       0       0       0       0       0
      Totals:         1       0       0       0       0       0       0       0       0       0       0       0       0       0       0       0       0
Total ram usage:        1 bytes
 Hardware stack levels used:    1
 Hardware stack levels required when called:    3
 This function calls:
		Nothing
 This function is called by:
		_putch
 This function uses a non-reentrant model


 *************** function _abs *****************
 Defined at:
		line 1 in file "C:\Program Files\Microchip\xc8\v2.20\pic\sources\c99\common\abs.c"
 Parameters:    Size  Location     Type
  a               2   19[COMRAM] int 
 Auto vars:     Size  Location     Type
		None
 Return value:  Size  Location     Type
                  2   19[COMRAM] int 
 Registers used:
		wreg, status,2, status,0
 Tracked objects:
		On entry : 
		On exit  : 
		Unchanged: 
 Data sizes:     COMRAM   BANK5   BANK6   BANK7   BANK8   BANK9  BANK10  BANK11  BANK12  BANK13  BANK14  BANK15  BANK16  BANK17  BANK18  BANK19  BANK20
      Params:         2       0       0       0       0       0       0       0       0       0       0       0       0       0       0       0       0
      Locals:         0       0       0       0       0       0       0       0       0       0       0       0       0       0       0       0       0
      Temps:          2       0       0       0       0       0       0       0       0       0       0       0       0       0       0       0       0
      Totals:         4       0       0       0       0       0       0       0       0       0       0       0       0       0       0       0       0
Total ram usage:        4 bytes
 Hardware stack levels used:    1
 Hardware stack levels required when called:    3
 This function calls:
		Nothing
 This function is called by:
		_dtoa
 This function uses a non-reentrant model


 *************** function ___aomod *****************
 Defined at:
		line 9 in file "C:\Program Files\Microchip\xc8\v2.20\pic\sources\c99\common\aomod.c"
 Parameters:    Size  Location     Type
  dividend        8    1[COMRAM] long long 
  divisor         8    9[COMRAM] long long 
 Auto vars:     Size  Location     Type
  sign            1   18[COMRAM] unsigned char 
  counter         1   17[COMRAM] unsigned char 
 Return value:  Size  Location     Type
                  8    1[COMRAM] long long 
 Registers used:
		wreg, status,2, status,0
 Tracked objects:
		On entry : 
		On exit  : 
		Unchanged: 
 Data sizes:     COMRAM   BANK5   BANK6   BANK7   BANK8   BANK9  BANK10  BANK11  BANK12  BANK13  BANK14  BANK15  BANK16  BANK17  BANK18  BANK19  BANK20
      Params:        16       0       0       0       0       0       0       0       0       0       0       0       0       0       0       0       0
      Locals:         2       0       0       0       0       0       0       0       0       0       0       0       0       0       0       0       0
      Temps:          0       0       0       0       0       0       0       0       0       0       0       0       0       0       0       0       0
      Totals:        18       0       0       0       0       0       0       0       0       0       0       0       0       0       0       0       0
Total ram usage:       18 bytes
 Hardware stack levels used:    1
 Hardware stack levels required when called:    3
 This function calls:
		Nothing
 This function is called by:
		_dtoa
 This function uses a non-reentrant model


 *************** function ___aodiv *****************
 Defined at:
		line 9 in file "C:\Program Files\Microchip\xc8\v2.20\pic\sources\c99\common\aodiv.c"
 Parameters:    Size  Location     Type
  dividend        8    1[COMRAM] long long 
  divisor         8    9[COMRAM] long long 
 Auto vars:     Size  Location     Type
  quotient        8   19[COMRAM] long long 
  sign            1   18[COMRAM] unsigned char 
  counter         1   17[COMRAM] unsigned char 
 Return value:  Size  Location     Type
                  8    1[COMRAM] long long 
 Registers used:
		wreg, fsr2l, fsr2h, status,2, status,0
 Tracked objects:
		On entry : 
		On exit  : 
		Unchanged: 
 Data sizes:     COMRAM   BANK5   BANK6   BANK7   BANK8   BANK9  BANK10  BANK11  BANK12  BANK13  BANK14  BANK15  BANK16  BANK17  BANK18  BANK19  BANK20
      Params:        16       0       0       0       0       0       0       0       0       0       0       0       0       0       0       0       0
      Locals:        10       0       0       0       0       0       0       0       0       0       0       0       0       0       0       0       0
      Temps:          0       0       0       0       0       0       0       0       0       0       0       0       0       0       0       0       0
      Totals:        26       0       0       0       0       0       0       0       0       0       0       0       0       0       0       0       0
Total ram usage:       26 bytes
 Hardware stack levels used:    1
 Hardware stack levels required when called:    3
 This function calls:
		Nothing
 This function is called by:
		_dtoa
 This function uses a non-reentrant model


 *************** function _ADCC_GetSingleConversion *****************
 Defined at:
		line 137 in file "mcc_generated_files/adcc.c"
 Parameters:    Size  Location     Type
  channel         1    wreg     enum E12866
 Auto vars:     Size  Location     Type
  channel         1    5[COMRAM] enum E12866
 Return value:  Size  Location     Type
                  2    1[COMRAM] unsigned short 
 Registers used:
		wreg, status,2, status,0
 Tracked objects:
		On entry : 
		On exit  : 
		Unchanged: 
 Data sizes:     COMRAM   BANK5   BANK6   BANK7   BANK8   BANK9  BANK10  BANK11  BANK12  BANK13  BANK14  BANK15  BANK16  BANK17  BANK18  BANK19  BANK20
      Params:         2       0       0       0       0       0       0       0       0       0       0       0       0       0       0       0       0
      Locals:         1       0       0       0       0       0       0       0       0       0       0       0       0       0       0       0       0
      Temps:          2       0       0       0       0       0       0       0       0       0       0       0       0       0       0       0       0
      Totals:         5       0       0       0       0       0       0       0       0       0       0       0       0       0       0       0       0
Total ram usage:        5 bytes
 Hardware stack levels used:    1
 Hardware stack levels required when called:    3
 This function calls:
		Nothing
 This function is called by:
		_ADC
		_VSR
		_PWM
		_EEPROM
 This function uses a non-reentrant model


 *************** function _INTERRUPT_InterruptManager *****************
 Defined at:
		line 58 in file "mcc_generated_files/interrupt_manager.c"
 Parameters:    Size  Location     Type
		None
 Auto vars:     Size  Location     Type
		None
 Return value:  Size  Location     Type
                  1    wreg      void 
 Registers used:
		wreg, status,2, status,0, pclath, tosl, cstack
 Tracked objects:
		On entry : 
		On exit  : 
		Unchanged: 
 Data sizes:     COMRAM   BANK5   BANK6   BANK7   BANK8   BANK9  BANK10  BANK11  BANK12  BANK13  BANK14  BANK15  BANK16  BANK17  BANK18  BANK19  BANK20
      Params:         0       0       0       0       0       0       0       0       0       0       0       0       0       0       0       0       0
      Locals:         0       0       0       0       0       0       0       0       0       0       0       0       0       0       0       0       0
      Temps:          0       0       0       0       0       0       0       0       0       0       0       0       0       0       0       0       0
      Totals:         0       0       0       0       0       0       0       0       0       0       0       0       0       0       0       0       0
Total ram usage:        0 bytes
 Hardware stack levels used:    1
 Hardware stack levels required when called:    2
 This function calls:
		_TMR0_ISR
 This function is called by:
		Interrupt level 2
 This function uses a non-reentrant model


 *************** function _TMR0_ISR *****************
 Defined at:
		line 121 in file "mcc_generated_files/tmr0.c"
 Parameters:    Size  Location     Type
		None
 Auto vars:     Size  Location     Type
		None
 Return value:  Size  Location     Type
                  1    wreg      void 
 Registers used:
		wreg, status,2, status,0, pclath, tosl, cstack
 Tracked objects:
		On entry : 
		On exit  : 
		Unchanged: 
 Data sizes:     COMRAM   BANK5   BANK6   BANK7   BANK8   BANK9  BANK10  BANK11  BANK12  BANK13  BANK14  BANK15  BANK16  BANK17  BANK18  BANK19  BANK20
      Params:         0       0       0       0       0       0       0       0       0       0       0       0       0       0       0       0       0
      Locals:         0       0       0       0       0       0       0       0       0       0       0       0       0       0       0       0       0
      Temps:          0       0       0       0       0       0       0       0       0       0       0       0       0       0       0       0       0
      Totals:         0       0       0       0       0       0       0       0       0       0       0       0       0       0       0       0       0
Total ram usage:        0 bytes
 Hardware stack levels used:    1
 Hardware stack levels required when called:    1
 This function calls:
		Absolute function
		_LAB_ISR
		_TMR0_DefaultInterruptHandler
 This function is called by:
		_INTERRUPT_InterruptManager
 This function uses a non-reentrant model


 *************** function _LAB_ISR *****************
 Defined at:
		line 88 in file "Labs/Lab08_Interrupts/Interrupt.c"
 Parameters:    Size  Location     Type
		None
 Auto vars:     Size  Location     Type
		None
 Return value:  Size  Location     Type
                  1    wreg      void 
 Registers used:
		wreg, status,2, status,0
 Tracked objects:
		On entry : 
		On exit  : 
		Unchanged: 
 Data sizes:     COMRAM   BANK5   BANK6   BANK7   BANK8   BANK9  BANK10  BANK11  BANK12  BANK13  BANK14  BANK15  BANK16  BANK17  BANK18  BANK19  BANK20
      Params:         0       0       0       0       0       0       0       0       0       0       0       0       0       0       0       0       0
      Locals:         0       0       0       0       0       0       0       0       0       0       0       0       0       0       0       0       0
      Temps:          1       0       0       0       0       0       0       0       0       0       0       0       0       0       0       0       0
      Totals:         1       0       0       0       0       0       0       0       0       0       0       0       0       0       0       0       0
Total ram usage:        1 bytes
 Hardware stack levels used:    1
 This function calls:
		Nothing
 This function is called by:
		_Interrupt
		_TMR0_ISR
 This function uses a non-reentrant model


 *************** function _TMR0_DefaultInterruptHandler *****************
 Defined at:
		line 138 in file "mcc_generated_files/tmr0.c"
 Parameters:    Size  Location     Type
		None
 Auto vars:     Size  Location     Type
		None
 Return value:  Size  Location     Type
                  1    wreg      void 
 Registers used:
		None
 Tracked objects:
		On entry : 
		On exit  : 
		Unchanged: 
 Data sizes:     COMRAM   BANK5   BANK6   BANK7   BANK8   BANK9  BANK10  BANK11  BANK12  BANK13  BANK14  BANK15  BANK16  BANK17  BANK18  BANK19  BANK20
      Params:         0       0       0       0       0       0       0       0       0       0       0       0       0       0       0       0       0
      Locals:         0       0       0       0       0       0       0       0       0       0       0       0       0       0       0       0       0
      Temps:          0       0       0       0       0       0       0       0       0       0       0       0       0       0       0       0       0
      Totals:         0       0       0       0       0       0       0       0       0       0       0       0       0       0       0       0       0
Total ram usage:        0 bytes
 Hardware stack levels used:    1
 This function calls:
		Nothing
 This function is called by:
		_TMR0_Initialize
		_TMR0_ISR
 This function uses a non-reentrant model



MODULE INFORMATION

Module		Function		Class		Link	Load	Size
C:\Program Files\Microchip\xc8\v2.20\pic\sources\c99\common\nf_fputc.c
		_fputc         		CODE           	24E4	0000	151

C:\Program Files\Microchip\xc8\v2.20\pic\sources\c99\common\nf_fputc.c estimated size: 151

Labs/Lab06_PulseWidthModulation/PWM.c
		_PWM_Output_D7_Disable		CODE           	2D26	0000	9
		_PWM           		CODE           	244E	0000	151
		_PWM_Output_D7_Enable		CODE           	2D1E	0000	9

Labs/Lab06_PulseWidthModulation/PWM.c estimated size: 169

Labs/Lab10_EEPROM/EEPROM.c
		_EEPROM        		CODE           	1E0A	0000	287

Labs/Lab10_EEPROM/EEPROM.c estimated size: 287

Labs/Lab05_VariableSpeedRotate/VSR.c
		_VSR           		CODE           	1CDA	0000	305

Labs/Lab05_VariableSpeedRotate/VSR.c estimated size: 305

Labs/Lab08_Interrupts/Interrupt.c
		_Interrupt     		CODE           	2908	0000	79
		_LAB_ISR       		CODE           	257A	0000	139

Labs/Lab08_Interrupts/Interrupt.c estimated size: 218

Labs/Lab02_Blink/Blink.c
		_Blink         		CODE           	23AC	0000	163

Labs/Lab02_Blink/Blink.c estimated size: 163

C:\Program Files\Microchip\xc8\v2.20\pic\sources\c99\common\doprnt.c
		_vfpfcnvrt     		CODE           	17F8	0000	503
		_pad           		CODE           	22E6	0000	199
		_dtoa          		CODE           	1514	0000	741
		_vfprintf      		CODE           	2746	0000	105

C:\Program Files\Microchip\xc8\v2.20\pic\sources\c99\common\doprnt.c estimated size: 1548

mcc_generated_files/tmr2.c
		_TMR2_Initialize		CODE           	2C26	0000	29
		_TMR2_Stop     		CODE           	2D34	0000	7
		_TMR2_Start    		CODE           	2D40	0000	7
		_TMR2_StopTimer		CODE           	2D2E	0000	7
		_TMR2_StartTimer		CODE           	2D3A	0000	7

mcc_generated_files/tmr2.c estimated size: 57

mcc_generated_files/interrupt_manager.c
		_INTERRUPT_Initialize		CODE           	2D52	0000	5
		_INTERRUPT_InterruptManager		CODE           	2BC8	0000	35

mcc_generated_files/interrupt_manager.c estimated size: 40

Labs/Lab09_SleepWakeup/SleepWakeUp.c
		_SleepWakeUp   		CODE           	280A	0000	91

Labs/Lab09_SleepWakeup/SleepWakeUp.c estimated size: 91

mcc_generated_files/tmr0.c
		_TMR0_SetInterruptHandler		CODE           	2D0A	0000	11
		_TMR0_DefaultInterruptHandler		CODE           	2D5A	0000	3
		_TMR0_ISR      		CODE           	2ACC	0000	49
		_TMR0_Initialize		CODE           	2B80	0000	39

mcc_generated_files/tmr0.c estimated size: 102

mcc_generated_files/pin_manager.c
		_PIN_MANAGER_Initialize		CODE           	26DC	0000	107

mcc_generated_files/pin_manager.c estimated size: 107

C:\Program Files\Microchip\xc8\v2.20\pic\sources\c99\common\aomod.c
		___aomod       		CODE           	1B76	0000	357

C:\Program Files\Microchip\xc8\v2.20\pic\sources\c99\common\aomod.c estimated size: 357

Labs/Lab01_HelloWorld/HelloWorld.c
		_HelloWorld    		CODE           	2956	0000	69

Labs/Lab01_HelloWorld/HelloWorld.c estimated size: 69

Labs/Lab03_Rotate/Rotate.c
		_Rotate        		CODE           	2204	0000	227

Labs/Lab03_Rotate/Rotate.c estimated size: 227

mcc_generated_files/uart1.c
		_UART1_Write   		CODE           	2C08	0000	31
		_putch         		CODE           	2D14	0000	11
		_UART1_SetFramingErrorHandler		CODE           	2CD8	0000	11
		_UART1_SetOverrunErrorHandler		CODE           	2CCE	0000	11
		_UART1_Initialize		CODE           	2672	0000	107
		_UART1_SetErrorHandler		CODE           	2CE2	0000	11

mcc_generated_files/uart1.c estimated size: 182

mcc_generated_files/pwm1_16bit.c
		_PWM1_16BIT_Period_SetInterruptHandler		CODE           	2D00	0000	11
		_PWM1_16BIT_Slice1Output1_SetInterruptHandler		CODE           	2CF6	0000	11
		_PWM1_16BIT_Slice1Output2_SetInterruptHandler		CODE           	2CEC	0000	11
		_PWM1_16BIT_Initialize		CODE           	2604	0000	111
		_PWM1_16BIT_LoadBufferRegisters		CODE           	2D56	0000	5
		_PWM1_16BIT_SetSlice1Output1DutyCycleRegister		CODE           	2CC2	0000	13

mcc_generated_files/pwm1_16bit.c estimated size: 162

C:\Program Files\Microchip\xc8\v2.20\pic\sources\c99\common\nf_fputs.c
		_fputs         		CODE           	299A	0000	69

C:\Program Files\Microchip\xc8\v2.20\pic\sources\c99\common\nf_fputs.c estimated size: 69

shared
		__initialization		CODE           	2BA6	0000	29

shared estimated size: 29

mcc_generated_files/mcc.c
		_PMD_Initialize		CODE           	2C42	0000	29
		_OSCILLATOR_Initialize		CODE           	2C5E	0000	29
		_SYSTEM_Initialize		CODE           	2AFC	0000	47
		_WWDT_Initialize		CODE           	2CB6	0000	13

mcc_generated_files/mcc.c estimated size: 118

C:\Program Files\Microchip\xc8\v2.20\pic\sources\c99\common\printf.c
		_printf        		CODE           	2B58	0000	41

C:\Program Files\Microchip\xc8\v2.20\pic\sources\c99\common\printf.c estimated size: 41

Labs/Lab07_Timers/Timer1.c
		_Timer1        		CODE           	2024	0000	249

Labs/Lab07_Timers/Timer1.c estimated size: 249

Labs/Lab04_AnalogToDigitalConversion/ADC.c
		_ADC           		CODE           	1F28	0000	253

Labs/Lab04_AnalogToDigitalConversion/ADC.c estimated size: 253

C:\Program Files\Microchip\xc8\v2.20\pic\sources\c99\common\aodiv.c
		___aodiv       		CODE           	19EE	0000	393

C:\Program Files\Microchip\xc8\v2.20\pic\sources\c99\common\aodiv.c estimated size: 393

mcc_generated_files/tmr1.c
		_TMR1_Initialize		CODE           	2A1E	0000	59
		_TMR1_StopTimer		CODE           	2D46	0000	7
		_TMR1_Reload   		CODE           	2CA8	0000	15
		_TMR1_WriteTimer		CODE           	2B2A	0000	47
		_TMR1_StartTimer		CODE           	2D4C	0000	7
		_TMR1_HasOverflowOccured		CODE           	2C94	0000	21

mcc_generated_files/tmr1.c estimated size: 156

C:\Program Files\Microchip\xc8\v2.20\pic\sources\c99\common\abs.c
		_abs           		CODE           	29DE	0000	65

C:\Program Files\Microchip\xc8\v2.20\pic\sources\c99\common\abs.c estimated size: 65

C:\Program Files\Microchip\xc8\v2.20\pic\sources\c99\common\strlen.c
		_strlen        		CODE           	2A58	0000	59

C:\Program Files\Microchip\xc8\v2.20\pic\sources\c99\common\strlen.c estimated size: 59

mcc_generated_files/memory.c
		_DATAEE_WriteByte		CODE           	28B6	0000	83
		_DATAEE_ReadByte		CODE           	2C7A	0000	27

mcc_generated_files/memory.c estimated size: 110

mcc_generated_files/adcc.c
		_ADCC_GetSingleConversion		CODE           	2A92	0000	59
		_ADCC_Initialize		CODE           	27AE	0000	93

mcc_generated_files/adcc.c estimated size: 152

main.c
		_main          		CODE           	211C	0000	233
		_nextLab       		CODE           	2BEA	0000	31
		_checkButtonS1 		CODE           	2864	0000	83

main.c estimated size: 347

